Component: Arm Compiler for Embedded 6.18 Tool: armlink [5e4cc100]

==============================================================================

Section Cross References

    startup_stm32f446xx.o(RESET) refers to startup_stm32f446xx.o(STACK) for __initial_sp
    startup_stm32f446xx.o(RESET) refers to startup_stm32f446xx.o(.text) for Reset_Handler
    startup_stm32f446xx.o(RESET) refers to stm32f4xx_it.o(.text.NMI_Handler) for NMI_Handler
    startup_stm32f446xx.o(RESET) refers to stm32f4xx_it.o(.text.HardFault_Handler) for HardFault_Handler
    startup_stm32f446xx.o(RESET) refers to stm32f4xx_it.o(.text.MemManage_Handler) for MemManage_Handler
    startup_stm32f446xx.o(RESET) refers to stm32f4xx_it.o(.text.BusFault_Handler) for BusFault_Handler
    startup_stm32f446xx.o(RESET) refers to stm32f4xx_it.o(.text.UsageFault_Handler) for UsageFault_Handler
    startup_stm32f446xx.o(RESET) refers to stm32f4xx_it.o(.text.SVC_Handler) for SVC_Handler
    startup_stm32f446xx.o(RESET) refers to stm32f4xx_it.o(.text.DebugMon_Handler) for DebugMon_Handler
    startup_stm32f446xx.o(RESET) refers to stm32f4xx_it.o(.text.PendSV_Handler) for PendSV_Handler
    startup_stm32f446xx.o(RESET) refers to stm32f4xx_it.o(.text.SysTick_Handler) for SysTick_Handler
    startup_stm32f446xx.o(RESET) refers to stm32f4xx_it.o(.text.DMA1_Stream6_IRQHandler) for DMA1_Stream6_IRQHandler
    startup_stm32f446xx.o(RESET) refers to stm32f4xx_it.o(.text.TIM3_IRQHandler) for TIM3_IRQHandler
    startup_stm32f446xx.o(RESET) refers to stm32f4xx_it.o(.text.DMA1_Stream7_IRQHandler) for DMA1_Stream7_IRQHandler
    startup_stm32f446xx.o(RESET) refers to stm32f4xx_it.o(.text.UART5_IRQHandler) for UART5_IRQHandler
    startup_stm32f446xx.o(.text) refers to system_stm32f4xx.o(.text.SystemInit) for SystemInit
    startup_stm32f446xx.o(.text) refers to entry.o(.ARM.Collect$$$$00000000) for __main
    mcufriend_kbv.o(.ARM.exidx.text.delay) refers to mcufriend_kbv.o(.text.delay) for [Anonymous Symbol]
    mcufriend_kbv.o(.text.LCD_DrawFastVLine) refers to mcufriend_kbv.o(.text.LCD_FillRect) for LCD_FillRect
    mcufriend_kbv.o(.ARM.exidx.text.LCD_DrawFastVLine) refers to mcufriend_kbv.o(.text.LCD_DrawFastVLine) for [Anonymous Symbol]
    mcufriend_kbv.o(.text.LCD_FillRect) refers to mcufriend_kbv.o(.bss.is555) for is555
    mcufriend_kbv.o(.text.LCD_FillRect) refers to mcufriend_kbv.o(.text.color565_to_555) for color565_to_555
    mcufriend_kbv.o(.text.LCD_FillRect) refers to mcufriend_kbv.o(.data._width) for _width
    mcufriend_kbv.o(.text.LCD_FillRect) refers to mcufriend_kbv.o(.data._height) for _height
    mcufriend_kbv.o(.text.LCD_FillRect) refers to mcufriend_kbv.o(.text.LCD_SetAddrWindow) for LCD_SetAddrWindow
    mcufriend_kbv.o(.text.LCD_FillRect) refers to mcufriend_kbv.o(.bss._MW) for _MW
    mcufriend_kbv.o(.text.LCD_FillRect) refers to mcufriend_kbv.o(.bss._lcd_capable) for _lcd_capable
    mcufriend_kbv.o(.text.LCD_FillRect) refers to mcufriend_kbv.o(.bss._lcd_ID) for _lcd_ID
    mcufriend_kbv.o(.text.LCD_FillRect) refers to mcufriend_kbv.o(.bss.rotation) for rotation
    mcufriend_kbv.o(.ARM.exidx.text.LCD_FillRect) refers to mcufriend_kbv.o(.text.LCD_FillRect) for [Anonymous Symbol]
    mcufriend_kbv.o(.text.LCD_DrawFastHLine) refers to mcufriend_kbv.o(.text.LCD_FillRect) for LCD_FillRect
    mcufriend_kbv.o(.ARM.exidx.text.LCD_DrawFastHLine) refers to mcufriend_kbv.o(.text.LCD_DrawFastHLine) for [Anonymous Symbol]
    mcufriend_kbv.o(.text.LCD_FillScreen) refers to mcufriend_kbv.o(.data._width) for _width
    mcufriend_kbv.o(.text.LCD_FillScreen) refers to mcufriend_kbv.o(.data._height) for _height
    mcufriend_kbv.o(.text.LCD_FillScreen) refers to mcufriend_kbv.o(.text.LCD_FillRect) for LCD_FillRect
    mcufriend_kbv.o(.ARM.exidx.text.LCD_FillScreen) refers to mcufriend_kbv.o(.text.LCD_FillScreen) for [Anonymous Symbol]
    mcufriend_kbv.o(.ARM.exidx.text.LCD_Color565) refers to mcufriend_kbv.o(.text.LCD_Color565) for [Anonymous Symbol]
    mcufriend_kbv.o(.text.LCD_ReadPixel) refers to mcufriend_kbv.o(.text.LCD_ReadGRAM) for LCD_ReadGRAM
    mcufriend_kbv.o(.ARM.exidx.text.LCD_ReadPixel) refers to mcufriend_kbv.o(.text.LCD_ReadPixel) for [Anonymous Symbol]
    mcufriend_kbv.o(.text.LCD_ReadGRAM) refers to mcufriend_kbv.o(.bss._MW) for _MW
    mcufriend_kbv.o(.text.LCD_ReadGRAM) refers to mcufriend_kbv.o(.bss.is8347) for is8347
    mcufriend_kbv.o(.text.LCD_ReadGRAM) refers to mcufriend_kbv.o(.bss._lcd_capable) for _lcd_capable
    mcufriend_kbv.o(.text.LCD_ReadGRAM) refers to mcufriend_kbv.o(.text.LCD_SetAddrWindow) for LCD_SetAddrWindow
    mcufriend_kbv.o(.text.LCD_ReadGRAM) refers to mcufriend_kbv.o(.bss._MC) for _MC
    mcufriend_kbv.o(.text.LCD_ReadGRAM) refers to mcufriend_kbv.o(.text.LCD_WriteCmdData) for LCD_WriteCmdData
    mcufriend_kbv.o(.text.LCD_ReadGRAM) refers to mcufriend_kbv.o(.bss._MP) for _MP
[...]
    [Anonymous Symbol]                       0x20000028   Section        0  main.o(.data.handCounterPeriod)
    screen_x                                 0x20000030   Data           4  main.o(.data.screen_x)
    [Anonymous Symbol]                       0x20000030   Section        0  main.o(.data.screen_x)
    screen_y                                 0x20000034   Data           4  main.o(.data.screen_y)
    [Anonymous Symbol]                       0x20000034   Section        0  main.o(.data.screen_y)
    LCD_Printf.buf                           0x20000048   Data         256  mcufriend_kbv.o(.bss.LCD_Printf.buf)
    [Anonymous Symbol]                       0x20000048   Section        0  mcufriend_kbv.o(.bss.LCD_Printf.buf)
    background_color                         0x2000017c   Data           4  main.o(.bss.background_color)
    [Anonymous Symbol]                       0x2000017c   Section        0  main.o(.bss.background_color)
    done_reset                               0x200001a0   Data           1  mcufriend_kbv.o(.bss.done_reset)
    [Anonymous Symbol]                       0x200001a0   Section        0  mcufriend_kbv.o(.bss.done_reset)
    is555                                    0x200003b0   Data           1  mcufriend_kbv.o(.bss.is555)
    [Anonymous Symbol]                       0x200003b0   Section        0  mcufriend_kbv.o(.bss.is555)
    is8347                                   0x200003b1   Data           1  mcufriend_kbv.o(.bss.is8347)
    [Anonymous Symbol]                       0x200003b1   Section        0  mcufriend_kbv.o(.bss.is8347)
    STACK                                    0x200015e0   Section     1024  startup_stm32f446xx.o(STACK)

    Global Symbols

    Symbol Name                              Value     Ov Type        Size  Object(Section)

    BuildAttributes$$THM_ISAv4$E$P$D$K$B$S$7EM$VFPi3$EXTD16$VFPS$VFMA$PE$A:L22UL41UL21$X:L11$S22US41US21$IEEE1$IW$~IW$USESV6$~STKCKD$USESV7$~SHL$OTIME$ROPI$IEEEX$EBA8$MICROLIB$REQ8$PRES8$EABIv2 0x00000000   Number         0  anon$$obj.o ABSOLUTE
    __cpp_initialize__aeabi_                  - Undefined Weak Reference
    __cxa_finalize                            - Undefined Weak Reference
    __decompress                              - Undefined Weak Reference
    _clock_init                               - Undefined Weak Reference
    _microlib_exit                            - Undefined Weak Reference
    __Vectors_Size                           0x000001c4   Number         0  startup_stm32f446xx.o ABSOLUTE
    __Vectors                                0x08000000   Data           4  startup_stm32f446xx.o(RESET)
    __Vectors_End                            0x080001c4   Data           0  startup_stm32f446xx.o(RESET)
    __main                                   0x080001c5   Thumb Code     0  entry.o(.ARM.Collect$$$$00000000)
    _main_stk                                0x080001c5   Thumb Code     0  entry2.o(.ARM.Collect$$$$00000001)
    _main_scatterload                        0x080001c9   Thumb Code     0  entry5.o(.ARM.Collect$$$$00000004)
    __main_after_scatterload                 0x080001cd   Thumb Code     0  entry5.o(.ARM.Collect$$$$00000004)
    _main_clock                              0x080001cd   Thumb Code     0  entry7b.o(.ARM.Collect$$$$00000008)
    _main_cpp_init                           0x080001cd   Thumb Code     0  entry8b.o(.ARM.Collect$$$$0000000A)
    _main_init                               0x080001cd   Thumb Code     0  entry9a.o(.ARM.Collect$$$$0000000B)
    __rt_final_cpp                           0x080001d5   Thumb Code     0  entry10a.o(.ARM.Collect$$$$0000000D)
    __rt_final_exit                          0x080001d5   Thumb Code     0  entry11a.o(.ARM.Collect$$$$0000000F)
    Reset_Handler                            0x080001d9   Thumb Code     8  startup_stm32f446xx.o(.text)
    ADC_IRQHandler                           0x080001f3   Thumb Code     0  startup_stm32f446xx.o(.text)
    CAN1_RX0_IRQHandler                      0x080001f3   Thumb Code     0  startup_stm32f446xx.o(.text)
    CAN1_RX1_IRQHandler                      0x080001f3   Thumb Code     0  startup_stm32f446xx.o(.text)
    CAN1_SCE_IRQHandler                      0x080001f3   Thumb Code     0  startup_stm32f446xx.o(.text)
    CAN1_TX_IRQHandler                       0x080001f3   Thumb Code     0  startup_stm32f446xx.o(.text)
    CAN2_RX0_IRQHandler                      0x080001f3   Thumb Code     0  startup_stm32f446xx.o(.text)
    CAN2_RX1_IRQHandler                      0x080001f3   Thumb Code     0  startup_stm32f446xx.o(.text)
    CAN2_SCE_IRQHandler                      0x080001f3   Thumb Code     0  startup_stm32f446xx.o(.text)
    CAN2_TX_IRQHandler                       0x080001f3   Thumb Code     0  startup_stm32f446xx.o(.text)
    CEC_IRQHandler                           0x080001f3   Thumb Code     0  startup_stm32f446xx.o(.text)
    DCMI_IRQHandler                          0x080001f3   Thumb Code     0  startup_stm32f446xx.o(.text)
    DMA1_Stream0_IRQHandler                  0x080001f3   Thumb Code     0  startup_stm32f446xx.o(.text)
    DMA1_Stream1_IRQHandler                  0x080001f3   Thumb Code     0  startup_stm32f446xx.o(.text)
    DMA1_Stream2_IRQHandler                  0x080001f3   Thumb Code     0  startup_stm32f446xx.o(.text)
    DMA1_Stream3_IRQHandler                  0x080001f3   Thumb Code     0  startup_stm32f446xx.o(.text)
    DMA1_Stream4_IRQHandler                  0x080001f3   Thumb Code     0  startup_stm32f446xx.o(.text)
    DMA1_Stream5_IRQHandler                  0x080001f3   Thumb Code     0  startup_stm32f446xx.o(.text)
    DMA2_Stream0_IRQHandler                  0x080001f3   Thumb Code     0  startup_stm32f446xx.o(.text)
    DMA2_Stream1_IRQHandler                  0x080001f3   Thumb Code     0  startup_stm32f446xx.o(.text)
    DMA2_Stream2_IRQHandler                  0x080001f3   Thumb Code     0  startup_stm32f446xx.o(.text)
    DMA2_Stream3_IRQHandler                  0x080001f3   Thumb Code     0  startup_stm32f446xx.o(.text)
    DMA2_Stream4_IRQHandler                  0x080001f3   Thumb Code     0  startup_stm32f446xx.o(.text)
    DMA2_Stream5_IRQHandler                  0x080001f3   Thumb Code     0  startup_stm32f446xx.o(.text)
    DMA2_Stream6_IRQHandler                  0x080001f3   Thumb Code     0  startup_stm32f446xx.o(.text)
    DMA2_Stream7_IRQHandler                  0x080001f3   Thumb Code     0  startup_stm32f446xx.o(.text)
    EXTI0_IRQHandler                         0x080001f3   Thumb Code     0  startup_stm32f446xx.o(.text)
    EXTI15_10_IRQHandler                     0x080001f3   Thumb Code     0  startup_stm32f446xx.o(.text)
    EXTI1_IRQHandler                         0x080001f3   Thumb Code     0  startup_stm32f446xx.o(.text)
    EXTI2_IRQHandler                         0x080001f3   Thumb Code     0  startup_stm32f446xx.o(.text)
    EXTI3_IRQHandler                         0x080001f3   Thumb Code     0  startup_stm32f446xx.o(.text)
    EXTI4_IRQHandler                         0x080001f3   Thumb Code     0  startup_stm32f446xx.o(.text)
    EXTI9_5_IRQHandler                       0x080001f3   Thumb Code     0  startup_stm32f446xx.o(.text)
    FLASH_IRQHandler                         0x080001f3   Thumb Code     0  startup_stm32f446xx.o(.text)
    FMC_IRQHandler                           0x080001f3   Thumb Code     0  startup_stm32f446xx.o(.text)
    FMPI2C1_ER_IRQHandler                    0x080001f3   Thumb Code     0  startup_stm32f446xx.o(.text)
    FMPI2C1_EV_IRQHandler                    0x080001f3   Thumb Code     0  startup_stm32f446xx.o(.text)
    FPU_IRQHandler                           0x080001f3   Thumb Code     0  startup_stm32f446xx.o(.text)
    I2C1_ER_IRQHandler                       0x080001f3   Thumb Code     0  startup_stm32f446xx.o(.text)
    I2C1_EV_IRQHandler                       0x080001f3   Thumb Code     0  startup_stm32f446xx.o(.text)
    I2C2_ER_IRQHandler                       0x080001f3   Thumb Code     0  startup_stm32f446xx.o(.text)
    I2C2_EV_IRQHandler                       0x080001f3   Thumb Code     0  startup_stm32f446xx.o(.text)
    I2C3_ER_IRQHandler                       0x080001f3   Thumb Code     0  startup_stm32f446xx.o(.text)
    I2C3_EV_IRQHandler                       0x080001f3   Thumb Code     0  startup_stm32f446xx.o(.text)
    OTG_FS_IRQHandler                        0x080001f3   Thumb Code     0  startup_stm32f446xx.o(.text)
    OTG_FS_WKUP_IRQHandler                   0x080001f3   Thumb Code     0  startup_stm32f446xx.o(.text)
    OTG_HS_EP1_IN_IRQHandler                 0x080001f3   Thumb Code     0  startup_stm32f446xx.o(.text)
    OTG_HS_EP1_OUT_IRQHandler                0x080001f3   Thumb Code     0  startup_stm32f446xx.o(.text)
    OTG_HS_IRQHandler                        0x080001f3   Thumb Code     0  startup_stm32f446xx.o(.text)
    OTG_HS_WKUP_IRQHandler                   0x080001f3   Thumb Code     0  startup_stm32f446xx.o(.text)
    PVD_IRQHandler                           0x080001f3   Thumb Code     0  startup_stm32f446xx.o(.text)
    QUADSPI_IRQHandler                       0x080001f3   Thumb Code     0  startup_stm32f446xx.o(.text)
    RCC_IRQHandler                           0x080001f3   Thumb Code     0  startup_stm32f446xx.o(.text)
    RTC_Alarm_IRQHandler                     0x080001f3   Thumb Code     0  startup_stm32f446xx.o(.text)
    RTC_WKUP_IRQHandler                      0x080001f3   Thumb Code     0  startup_stm32f446xx.o(.text)
    SAI1_IRQHandler                          0x080001f3   Thumb Code     0  startup_stm32f446xx.o(.text)
    SAI2_IRQHandler                          0x080001f3   Thumb Code     0  startup_stm32f446xx.o(.text)
    SDIO_IRQHandler                          0x080001f3   Thumb Code     0  startup_stm32f446xx.o(.text)
    SPDIF_RX_IRQHandler                      0x080001f3   Thumb Code     0  startup_stm32f446xx.o(.text)
    SPI1_IRQHandler                          0x080001f3   Thumb Code     0  startup_stm32f446xx.o(.text)
    SPI2_IRQHandler                          0x080001f3   Thumb Code     0  startup_stm32f446xx.o(.text)
    SPI3_IRQHandler                          0x080001f3   Thumb Code     0  startup_stm32f446xx.o(.text)
    SPI4_IRQHandler                          0x080001f3   Thumb Code     0  startup_stm32f446xx.o(.text)
    TAMP_STAMP_IRQHandler                    0x080001f3   Thumb Code     0  startup_stm32f446xx.o(.text)
    TIM1_BRK_TIM9_IRQHandler                 0x080001f3   Thumb Code     0  startup_stm32f446xx.o(.text)
    TIM1_CC_IRQHandler                       0x080001f3   Thumb Code     0  startup_stm32f446xx.o(.text)
    TIM1_TRG_COM_TIM11_IRQHandler            0x080001f3   Thumb Code     0  startup_stm32f446xx.o(.text)
    TIM1_UP_TIM10_IRQHandler                 0x080001f3   Thumb Code     0  startup_stm32f446xx.o(.text)
    TIM2_IRQHandler                          0x080001f3   Thumb Code     0  startup_stm32f446xx.o(.text)
    TIM4_IRQHandler                          0x080001f3   Thumb Code     0  startup_stm32f446xx.o(.text)
    TIM5_IRQHandler                          0x080001f3   Thumb Code     0  startup_stm32f446xx.o(.text)
    TIM6_DAC_IRQHandler                      0x080001f3   Thumb Code     0  startup_stm32f446xx.o(.text)
    TIM7_IRQHandler                          0x080001f3   Thumb Code     0  startup_stm32f446xx.o(.text)
    TIM8_BRK_TIM12_IRQHandler                0x080001f3   Thumb Code     0  startup_stm32f446xx.o(.text)
    TIM8_CC_IRQHandler                       0x080001f3   Thumb Code     0  startup_stm32f446xx.o(.text)
    TIM8_TRG_COM_TIM14_IRQHandler            0x080001f3   Thumb Code     0  startup_stm32f446xx.o(.text)
    TIM8_UP_TIM13_IRQHandler                 0x080001f3   Thumb Code     0  startup_stm32f446xx.o(.text)
    UART4_IRQHandler                         0x080001f3   Thumb Code     0  startup_stm32f446xx.o(.text)
    USART1_IRQHandler                        0x080001f3   Thumb Code     0  startup_stm32f446xx.o(.text)
    USART2_IRQHandler                        0x080001f3   Thumb Code     0  startup_stm32f446xx.o(.text)
    USART3_IRQHandler                        0x080001f3   Thumb Code     0  startup_stm32f446xx.o(.text)
    USART6_IRQHandler                        0x080001f3   Thumb Code     0  startup_stm32f446xx.o(.text)
    WWDG_IRQHandler                          0x080001f3   Thumb Code     0  startup_stm32f446xx.o(.text)
    __aeabi_uldivmod                         0x080001fd   Thumb Code    98  uldiv.o(.text)
    rand                                     0x08000261   Thumb Code    20  rand.o(.text)
    srand                                    0x08000275   Thumb Code     6  rand.o(.text)
    abs                                      0x08000285   Thumb Code     8  siabs.o(.text)
    __aeabi_memset                           0x0800028d   Thumb Code    14  memseta.o(.text)
    __aeabi_memset4                          0x0800028d   Thumb Code     0  memseta.o(.text)
    __aeabi_memset8                          0x0800028d   Thumb Code     0  memseta.o(.text)
    __aeabi_memclr                           0x0800029b   Thumb Code     4  memseta.o(.text)
    __aeabi_memclr4                          0x0800029b   Thumb Code     0  memseta.o(.text)
    __aeabi_memclr8                          0x0800029b   Thumb Code     0  memseta.o(.text)
    _memset$wrapper                          0x0800029f   Thumb Code    18  memseta.o(.text)
    __aeabi_dadd                             0x080002b1   Thumb Code   322  dadd.o(.text)
    __aeabi_dsub                             0x080003f3   Thumb Code     6  dadd.o(.text)
    __aeabi_drsub                            0x080003f9   Thumb Code     6  dadd.o(.text)
    __aeabi_dmul                             0x080003ff   Thumb Code   228  dmul.o(.text)
    __aeabi_ddiv                             0x080004e3   Thumb Code   222  ddiv.o(.text)
    __aeabi_i2d                              0x080005c1   Thumb Code    34  dflti.o(.text)
    __aeabi_ui2d                             0x080005e3   Thumb Code    26  dfltui.o(.text)
    __aeabi_d2iz                             0x080005fd   Thumb Code    62  dfixi.o(.text)
    __aeabi_d2uiz                            0x0800063b   Thumb Code    50  dfixui.o(.text)
    __aeabi_f2d                              0x0800066d   Thumb Code    38  f2d.o(.text)
    __aeabi_d2f                              0x08000693   Thumb Code    56  d2f.o(.text)
    __aeabi_uidiv                            0x080006cb   Thumb Code     0  uidiv.o(.text)
    __aeabi_uidivmod                         0x080006cb   Thumb Code    44  uidiv.o(.text)
    __aeabi_llsl                             0x080006f7   Thumb Code    30  llshl.o(.text)
    _ll_shift_l                              0x080006f7   Thumb Code     0  llshl.o(.text)
    __aeabi_llsr                             0x08000715   Thumb Code    32  llushr.o(.text)
    _ll_ushift_r                             0x08000715   Thumb Code     0  llushr.o(.text)
    __aeabi_lasr                             0x08000735   Thumb Code    36  llsshr.o(.text)
    _ll_sshift_r                             0x08000735   Thumb Code     0  llsshr.o(.text)
    __I$use$fp                               0x08000759   Thumb Code     0  iusefp.o(.text)
    _float_round                             0x08000759   Thumb Code    18  fepilogue.o(.text)
    _float_epilogue                          0x0800076b   Thumb Code    92  fepilogue.o(.text)
    _double_round                            0x080007c7   Thumb Code    30  depilogue.o(.text)
    _double_epilogue                         0x080007e5   Thumb Code   156  depilogue.o(.text)
    __aeabi_d2ulz                            0x08000881   Thumb Code    48  dfixul.o(.text)
    __aeabi_cdrcmple                         0x080008b1   Thumb Code    48  cdrcmple.o(.text)
    __scatterload                            0x080008e1   Thumb Code    28  init.o(.text)
    __scatterload_rt2                        0x080008e1   Thumb Code     0  init.o(.text)
    BusFault_Handler                         0x08000905   Thumb Code     4  stm32f4xx_it.o(.text.BusFault_Handler)
    DAC_DMAConvCpltCh1                       0x08000909   Thumb Code    28  stm32f4xx_hal_dac.o(.text.DAC_DMAConvCpltCh1)
    DAC_DMAConvCpltCh2                       0x08000925   Thumb Code    28  stm32f4xx_hal_dac_ex.o(.text.DAC_DMAConvCpltCh2)
    DAC_DMAErrorCh1                          0x08000941   Thumb Code    38  stm32f4xx_hal_dac.o(.text.DAC_DMAErrorCh1)
    DAC_DMAErrorCh2                          0x08000969   Thumb Code    38  stm32f4xx_hal_dac_ex.o(.text.DAC_DMAErrorCh2)
    DAC_DMAHalfConvCpltCh1                   0x08000991   Thumb Code    22  stm32f4xx_hal_dac.o(.text.DAC_DMAHalfConvCpltCh1)
    DAC_DMAHalfConvCpltCh2                   0x080009a9   Thumb Code    22  stm32f4xx_hal_dac_ex.o(.text.DAC_DMAHalfConvCpltCh2)
    DMA1_Stream6_IRQHandler                  0x080009c1   Thumb Code    16  stm32f4xx_it.o(.text.DMA1_Stream6_IRQHandler)
    DMA1_Stream7_IRQHandler                  0x080009d1   Thumb Code    16  stm32f4xx_it.o(.text.DMA1_Stream7_IRQHandler)
    DebugMon_Handler                         0x08000b79   Thumb Code     2  stm32f4xx_it.o(.text.DebugMon_Handler)
    Error_Handler                            0x08000b7d   Thumb Code    14  main.o(.text.Error_Handler)
    HAL_DACEx_ConvCpltCallbackCh2            0x08000b8d   Thumb Code    36  main.o(.text.HAL_DACEx_ConvCpltCallbackCh2)
    HAL_DACEx_ConvHalfCpltCallbackCh2        0x08000bb1   Thumb Code     8  stm32f4xx_hal_dac_ex.o(.text.HAL_DACEx_ConvHalfCpltCallbackCh2)
    HAL_DACEx_ErrorCallbackCh2               0x08000bb9   Thumb Code     8  stm32f4xx_hal_dac_ex.o(.text.HAL_DACEx_ErrorCallbackCh2)
    HAL_DAC_ConfigChannel                    0x08000bc1   Thumb Code   162  stm32f4xx_hal_dac.o(.text.HAL_DAC_ConfigChannel)
    HAL_DAC_ConvCpltCallbackCh1              0x08000c65   Thumb Code     8  stm32f4xx_hal_dac.o(.text.HAL_DAC_ConvCpltCallbackCh1)
    HAL_DAC_ConvHalfCpltCallbackCh1          0x08000c6d   Thumb Code     8  stm32f4xx_hal_dac.o(.text.HAL_DAC_ConvHalfCpltCallbackCh1)
    HAL_DAC_ErrorCallbackCh1                 0x08000c75   Thumb Code     8  stm32f4xx_hal_dac.o(.text.HAL_DAC_ErrorCallbackCh1)
    HAL_DAC_Init                             0x08000c7d   Thumb Code    74  stm32f4xx_hal_dac.o(.text.HAL_DAC_Init)
    HAL_DAC_MspInit                          0x08000cc9   Thumb Code   228  dac.o(.text.HAL_DAC_MspInit)
    HAL_DAC_Start_DMA                        0x08000dad   Thumb Code   432  stm32f4xx_hal_dac.o(.text.HAL_DAC_Start_DMA)
    HAL_DMA_Abort                            0x08000f5d   Thumb Code   236  stm32f4xx_hal_dma.o(.text.HAL_DMA_Abort)
    HAL_DMA_Abort_IT                         0x08001049   Thumb Code    68  stm32f4xx_hal_dma.o(.text.HAL_DMA_Abort_IT)
    HAL_DMA_IRQHandler                       0x0800108d   Thumb Code   798  stm32f4xx_hal_dma.o(.text.HAL_DMA_IRQHandler)
    HAL_DMA_Init                             0x080013ad   Thumb Code   366  stm32f4xx_hal_dma.o(.text.HAL_DMA_Init)
    HAL_DMA_Start_IT                         0x0800151d   Thumb Code   194  stm32f4xx_hal_dma.o(.text.HAL_DMA_Start_IT)
    HAL_Delay                                0x080015e1   Thumb Code    66  stm32f4xx_hal.o(.text.HAL_Delay)
    HAL_GPIO_Init                            0x08001625   Thumb Code   922  stm32f4xx_hal_gpio.o(.text.HAL_GPIO_Init)
    HAL_GPIO_WritePin                        0x080019c1   Thumb Code    46  stm32f4xx_hal_gpio.o(.text.HAL_GPIO_WritePin)
    HAL_GetTick                              0x080019f1   Thumb Code    12  stm32f4xx_hal.o(.text.HAL_GetTick)
    HAL_IncTick                              0x080019fd   Thumb Code    26  stm32f4xx_hal.o(.text.HAL_IncTick)
    HAL_Init                                 0x08001a19   Thumb Code    60  stm32f4xx_hal.o(.text.HAL_Init)
    HAL_InitTick                             0x08001a55   Thumb Code   112  stm32f4xx_hal.o(.text.HAL_InitTick)
    HAL_MspInit                              0x08001ac5   Thumb Code    82  stm32f4xx_hal_msp.o(.text.HAL_MspInit)
    HAL_NVIC_EnableIRQ                       0x08001b19   Thumb Code    20  stm32f4xx_hal_cortex.o(.text.HAL_NVIC_EnableIRQ)
    HAL_NVIC_SetPriority                     0x08001b2d   Thumb Code    50  stm32f4xx_hal_cortex.o(.text.HAL_NVIC_SetPriority)
    HAL_NVIC_SetPriorityGrouping             0x08001b61   Thumb Code    16  stm32f4xx_hal_cortex.o(.text.HAL_NVIC_SetPriorityGrouping)
    HAL_RCC_ClockConfig                      0x08001b71   Thumb Code   610  stm32f4xx_hal_rcc.o(.text.HAL_RCC_ClockConfig)
    HAL_RCC_GetHCLKFreq                      0x08001dd5   Thumb Code    12  stm32f4xx_hal_rcc.o(.text.HAL_RCC_GetHCLKFreq)
    HAL_RCC_GetPCLK1Freq                     0x08001de1   Thumb Code    34  stm32f4xx_hal_rcc.o(.text.HAL_RCC_GetPCLK1Freq)
    HAL_RCC_GetPCLK2Freq                     0x08001e05   Thumb Code    34  stm32f4xx_hal_rcc.o(.text.HAL_RCC_GetPCLK2Freq)
    HAL_RCC_GetSysClockFreq                  0x08001e29   Thumb Code   368  stm32f4xx_hal_rcc_ex.o(.text.HAL_RCC_GetSysClockFreq)
    HAL_RCC_OscConfig                        0x08001f99   Thumb Code  1830  stm32f4xx_hal_rcc_ex.o(.text.HAL_RCC_OscConfig)
    HAL_SYSTICK_Callback                     0x080026c1   Thumb Code    74  main.o(.text.HAL_SYSTICK_Callback)
    HAL_SYSTICK_Config                       0x0800270d   Thumb Code    16  stm32f4xx_hal_cortex.o(.text.HAL_SYSTICK_Config)
    HAL_TIMEx_BreakCallback                  0x0800271d   Thumb Code     8  stm32f4xx_hal_tim_ex.o(.text.HAL_TIMEx_BreakCallback)
    HAL_TIMEx_CommutCallback                 0x08002725   Thumb Code     8  stm32f4xx_hal_tim_ex.o(.text.HAL_TIMEx_CommutCallback)
    HAL_TIMEx_MasterConfigSynchronization    0x0800272d   Thumb Code   290  stm32f4xx_hal_tim_ex.o(.text.HAL_TIMEx_MasterConfigSynchronization)
    HAL_TIM_Base_Init                        0x08002851   Thumb Code   156  stm32f4xx_hal_tim.o(.text.HAL_TIM_Base_Init)
    HAL_TIM_Base_MspInit                     0x080028ed   Thumb Code   212  tim.o(.text.HAL_TIM_Base_MspInit)
    HAL_TIM_ConfigClockSource                0x080029c1   Thumb Code   388  stm32f4xx_hal_tim.o(.text.HAL_TIM_ConfigClockSource)
    HAL_TIM_IC_CaptureCallback               0x08002b49   Thumb Code   624  main.o(.text.HAL_TIM_IC_CaptureCallback)
    HAL_TIM_IC_ConfigChannel                 0x08002db9   Thumb Code   304  stm32f4xx_hal_tim.o(.text.HAL_TIM_IC_ConfigChannel)
    HAL_TIM_IC_Init                          0x08002ee9   Thumb Code   156  stm32f4xx_hal_tim.o(.text.HAL_TIM_IC_Init)
    HAL_TIM_IC_MspInit                       0x08002f85   Thumb Code     8  stm32f4xx_hal_tim.o(.text.HAL_TIM_IC_MspInit)
    HAL_TIM_IC_Start_IT                      0x08002f8d   Thumb Code   678  stm32f4xx_hal_tim.o(.text.HAL_TIM_IC_Start_IT)
    HAL_TIM_IRQHandler                       0x08003235   Thumb Code   634  stm32f4xx_hal_tim.o(.text.HAL_TIM_IRQHandler)
    HAL_TIM_MspPostInit                      0x080034b1   Thumb Code   102  tim.o(.text.HAL_TIM_MspPostInit)
    HAL_TIM_OC_DelayElapsedCallback          0x08003519   Thumb Code     8  stm32f4xx_hal_tim.o(.text.HAL_TIM_OC_DelayElapsedCallback)
    HAL_TIM_PWM_ConfigChannel                0x08003521   Thumb Code   322  stm32f4xx_hal_tim.o(.text.HAL_TIM_PWM_ConfigChannel)
    HAL_TIM_PWM_Init                         0x08003665   Thumb Code   156  stm32f4xx_hal_tim.o(.text.HAL_TIM_PWM_Init)
    HAL_TIM_PWM_MspInit                      0x08003701   Thumb Code     8  stm32f4xx_hal_tim.o(.text.HAL_TIM_PWM_MspInit)
    HAL_TIM_PWM_PulseFinishedCallback        0x08003709   Thumb Code     8  stm32f4xx_hal_tim.o(.text.HAL_TIM_PWM_PulseFinishedCallback)
    HAL_TIM_PWM_Start                        0x08003711   Thumb Code   458  stm32f4xx_hal_tim.o(.text.HAL_TIM_PWM_Start)
    HAL_TIM_PeriodElapsedCallback            0x080038dd   Thumb Code     8  stm32f4xx_hal_tim.o(.text.HAL_TIM_PeriodElapsedCallback)
    HAL_TIM_ReadCapturedValue                0x080038e5   Thumb Code    86  stm32f4xx_hal_tim.o(.text.HAL_TIM_ReadCapturedValue)
    HAL_TIM_TriggerCallback                  0x0800393d   Thumb Code     8  stm32f4xx_hal_tim.o(.text.HAL_TIM_TriggerCallback)
    HAL_UARTEx_RxEventCallback               0x08003945   Thumb Code    12  stm32f4xx_hal_uart.o(.text.HAL_UARTEx_RxEventCallback)
    HAL_UART_ErrorCallback                   0x08003951   Thumb Code     8  stm32f4xx_hal_uart.o(.text.HAL_UART_ErrorCallback)
    HAL_UART_IRQHandler                      0x08003959   Thumb Code  1054  stm32f4xx_hal_uart.o(.text.HAL_UART_IRQHandler)
    HAL_UART_Init                            0x08003d79   Thumb Code   154  stm32f4xx_hal_uart.o(.text.HAL_UART_Init)
    HAL_UART_MspInit                         0x08003e15   Thumb Code   466  usart.o(.text.HAL_UART_MspInit)
    HAL_UART_Receive_IT                      0x08003fe9   Thumb Code   120  stm32f4xx_hal_uart.o(.text.HAL_UART_Receive_IT)
    HAL_UART_RxCpltCallback                  0x08004061   Thumb Code   340  main.o(.text.HAL_UART_RxCpltCallback)
    HAL_UART_Transmit                        0x080041b5   Thumb Code   334  stm32f4xx_hal_uart.o(.text.HAL_UART_Transmit)
    HAL_UART_Transmit_DMA                    0x08004305   Thumb Code   272  stm32f4xx_hal_uart.o(.text.HAL_UART_Transmit_DMA)
    HAL_UART_TxCpltCallback                  0x08004415   Thumb Code     8  main.o(.text.HAL_UART_TxCpltCallback)
    HAL_UART_TxHalfCpltCallback              0x0800441d   Thumb Code     8  stm32f4xx_hal_uart.o(.text.HAL_UART_TxHalfCpltCallback)
    HardFault_Handler                        0x08004425   Thumb Code     4  stm32f4xx_it.o(.text.HardFault_Handler)
    LCD_Begin                                0x08004429   Thumb Code  2158  mcufriend_kbv.o(.text.LCD_Begin)
    LCD_Color565                             0x08004c99   Thumb Code    48  mcufriend_kbv.o(.text.LCD_Color565)
    LCD_DrawChar                             0x08004cc9   Thumb Code   452  mcufriend_kbv.o(.text.LCD_DrawChar)
    LCD_DrawFastVLine                        0x08004e8d   Thumb Code    52  mcufriend_kbv.o(.text.LCD_DrawFastVLine)
    LCD_DrawLine                             0x08004ec1   Thumb Code   408  mcufriend_kbv.o(.text.LCD_DrawLine)
    LCD_DrawPixel                            0x08005059   Thumb Code   150  mcufriend_kbv.o(.text.LCD_DrawPixel)
    LCD_FillCircle                           0x080050f1   Thumb Code    88  mcufriend_kbv.o(.text.LCD_FillCircle)
    LCD_FillCircleHelper                     0x08005149   Thumb Code   386  mcufriend_kbv.o(.text.LCD_FillCircleHelper)
    LCD_FillRect                             0x080052cd   Thumb Code  1150  mcufriend_kbv.o(.text.LCD_FillRect)
    LCD_FillScreen                           0x0800574d   Thumb Code    52  mcufriend_kbv.o(.text.LCD_FillScreen)
    LCD_InvertDisplay                        0x08005781   Thumb Code   352  mcufriend_kbv.o(.text.LCD_InvertDisplay)
    LCD_Printf                               0x080058e1   Thumb Code   332  mcufriend_kbv.o(.text.LCD_Printf)
    LCD_PushCommand                          0x08005a2d   Thumb Code    32  mcufriend_kbv.o(.text.LCD_PushCommand)
    LCD_ReadGRAM                             0x08005a4d   Thumb Code  2510  mcufriend_kbv.o(.text.LCD_ReadGRAM)
    LCD_ReadID                               0x0800641d   Thumb Code   818  mcufriend_kbv.o(.text.LCD_ReadID)
    LCD_ReadPixel                            0x08006751   Thumb Code    42  mcufriend_kbv.o(.text.LCD_ReadPixel)
    LCD_ReadReg                              0x0800677d   Thumb Code   546  mcufriend_kbv.o(.text.LCD_ReadReg)
    LCD_ReadReg32                            0x080069a1   Thumb Code    52  mcufriend_kbv.o(.text.LCD_ReadReg32)
    LCD_ReadReg40                            0x080069d5   Thumb Code    74  mcufriend_kbv.o(.text.LCD_ReadReg40)
    LCD_Reset                                0x08006a21   Thumb Code   244  mcufriend_kbv.o(.text.LCD_Reset)
    LCD_SetAddrWindow                        0x08006b15   Thumb Code   674  mcufriend_kbv.o(.text.LCD_SetAddrWindow)
    LCD_SetCursor                            0x08006db9   Thumb Code    34  mcufriend_kbv.o(.text.LCD_SetCursor)
    LCD_SetRotation                          0x08006ddd   Thumb Code  1878  mcufriend_kbv.o(.text.LCD_SetRotation)
    LCD_SetTextColor                         0x08007535   Thumb Code    42  mcufriend_kbv.o(.text.LCD_SetTextColor)
    LCD_SetTextSize                          0x08007561   Thumb Code    82  mcufriend_kbv.o(.text.LCD_SetTextSize)
    LCD_VertScroll                           0x080075b5   Thumb Code   742  mcufriend_kbv.o(.text.LCD_VertScroll)
    LCD_WriteCmdData                         0x0800789d   Thumb Code    28  mcufriend_kbv.o(.text.LCD_WriteCmdData)
    MX_DAC_Init                              0x080078b9   Thumb Code    78  dac.o(.text.MX_DAC_Init)
    MX_DMA_Init                              0x08007909   Thumb Code    80  dma.o(.text.MX_DMA_Init)
    MX_GPIO_Init                             0x08007959   Thumb Code   336  gpio.o(.text.MX_GPIO_Init)
    MX_TIM2_Init                             0x08007aa9   Thumb Code   218  tim.o(.text.MX_TIM2_Init)
    MX_TIM3_Init                             0x08007b85   Thumb Code   202  tim.o(.text.MX_TIM3_Init)
    MX_UART5_Init                            0x08007c51   Thumb Code    64  usart.o(.text.MX_UART5_Init)
    MX_USART2_UART_Init                      0x08007c91   Thumb Code    64  usart.o(.text.MX_USART2_UART_Init)
    MemManage_Handler                        0x08007cd1   Thumb Code     4  stm32f4xx_it.o(.text.MemManage_Handler)
    NMI_Handler                              0x08007cd5   Thumb Code     4  stm32f4xx_it.o(.text.NMI_Handler)
    PendSV_Handler                           0x08007d45   Thumb Code     2  stm32f4xx_it.o(.text.PendSV_Handler)
    SVC_Handler                              0x08007d49   Thumb Code     2  stm32f4xx_it.o(.text.SVC_Handler)
    SysTick_Handler                          0x08007da1   Thumb Code    12  stm32f4xx_it.o(.text.SysTick_Handler)
    SystemClock_Config                       0x08007dad   Thumb Code   184  main.o(.text.SystemClock_Config)
    SystemInit                               0x08007e65   Thumb Code    18  system_stm32f4xx.o(.text.SystemInit)
    TIM3_IRQHandler                          0x08007e79   Thumb Code    16  stm32f4xx_it.o(.text.TIM3_IRQHandler)
    TIM_Base_SetConfig                       0x08007e89   Thumb Code   410  stm32f4xx_hal_tim.o(.text.TIM_Base_SetConfig)
    TIM_CCxChannelCmd                        0x08008025   Thumb Code    54  stm32f4xx_hal_tim.o(.text.TIM_CCxChannelCmd)
    TIM_ETR_SetConfig                        0x0800805d   Thumb Code    52  stm32f4xx_hal_tim.o(.text.TIM_ETR_SetConfig)
    TIM_OC2_SetConfig                        0x080081a9   Thumb Code   244  stm32f4xx_hal_tim.o(.text.TIM_OC2_SetConfig)
    TIM_TI1_SetConfig                        0x08008485   Thumb Code   278  stm32f4xx_hal_tim.o(.text.TIM_TI1_SetConfig)
    UART5_IRQHandler                         0x08008735   Thumb Code    16  stm32f4xx_it.o(.text.UART5_IRQHandler)
    UART_Start_Receive_IT                    0x08008c09   Thumb Code   110  stm32f4xx_hal_uart.o(.text.UART_Start_Receive_IT)
    UsageFault_Handler                       0x08008de1   Thumb Code     4  stm32f4xx_it.o(.text.UsageFault_Handler)
    delay                                    0x080092a9   Thumb Code    58  mcufriend_kbv.o(.text.delay)
    drawAvatar                               0x080092e5   Thumb Code  3046  avatar.o(.text.drawAvatar)
    drawIndicateurObstacle                   0x08009ecd   Thumb Code    50  avatar.o(.text.drawIndicateurObstacle)
    fputc                                    0x08009f01   Thumb Code    34  main.o(.text.fputc)
    initGame                                 0x08009f25   Thumb Code    92  avatar.o(.text.initGame)
    lookColision                             0x0800a091   Thumb Code   186  avatar.o(.text.lookColision)
    main                                     0x0800a151   Thumb Code  1648  main.o(.text.main)
    moveAvatar                               0x0800a7c1   Thumb Code    62  avatar.o(.text.moveAvatar)
    moveObstacle                             0x0800a801   Thumb Code   368  avatar.o(.text.moveObstacle)
    startGame                                0x0800aaa5   Thumb Code   214  main.o(.text.startGame)
    __0printf                                0x0800adbd   Thumb Code    22  printfa.o(i.__0printf)
    __1printf                                0x0800adbd   Thumb Code     0  printfa.o(i.__0printf)
    __2printf                                0x0800adbd   Thumb Code     0  printfa.o(i.__0printf)
    __c89printf                              0x0800adbd   Thumb Code     0  printfa.o(i.__0printf)
    printf                                   0x0800adbd   Thumb Code     0  printfa.o(i.__0printf)
    __0sprintf                               0x0800addd   Thumb Code    34  printfa.o(i.__0sprintf)
    __1sprintf                               0x0800addd   Thumb Code     0  printfa.o(i.__0sprintf)
    __2sprintf                               0x0800addd   Thumb Code     0  printfa.o(i.__0sprintf)
    __c89sprintf                             0x0800addd   Thumb Code     0  printfa.o(i.__0sprintf)
    sprintf                                  0x0800addd   Thumb Code     0  printfa.o(i.__0sprintf)
    __0vsprintf                              0x0800ae05   Thumb Code    30  printfa.o(i.__0vsprintf)
    __1vsprintf                              0x0800ae05   Thumb Code     0  printfa.o(i.__0vsprintf)
    __2vsprintf                              0x0800ae05   Thumb Code     0  printfa.o(i.__0vsprintf)
    __c89vsprintf                            0x0800ae05   Thumb Code     0  printfa.o(i.__0vsprintf)
    vsprintf                                 0x0800ae05   Thumb Code     0  printfa.o(i.__0vsprintf)
    __ARM_fpclassify                         0x0800ae29   Thumb Code    48  fpclassify.o(i.__ARM_fpclassify)
    __hardfp_sin                             0x0800ae59   Thumb Code   180  sin.o(i.__hardfp_sin)
    __ieee754_rem_pio2                       0x0800af21   Thumb Code   938  rred.o(i.__ieee754_rem_pio2)
    __kernel_cos                             0x0800b359   Thumb Code   322  cos_i.o(i.__kernel_cos)
    __kernel_poly                            0x0800b4c9   Thumb Code   248  poly.o(i.__kernel_poly)
    __kernel_sin                             0x0800b5c1   Thumb Code   280  sin_i.o(i.__kernel_sin)
    __mathlib_dbl_infnan                     0x0800b6f1   Thumb Code    20  dunder.o(i.__mathlib_dbl_infnan)
    __mathlib_dbl_invalid                    0x0800b709   Thumb Code    24  dunder.o(i.__mathlib_dbl_invalid)
    __mathlib_dbl_underflow                  0x0800b729   Thumb Code    24  dunder.o(i.__mathlib_dbl_underflow)
    __scatterload_copy                       0x0800b749   Thumb Code    14  handlers.o(i.__scatterload_copy)
    __scatterload_null                       0x0800b757   Thumb Code     2  handlers.o(i.__scatterload_null)
    __scatterload_zeroinit                   0x0800b759   Thumb Code    14  handlers.o(i.__scatterload_zeroinit)
    __set_errno                              0x0800b769   Thumb Code     6  errno.o(i.__set_errno)
    fabs                                     0x0800c031   Thumb Code    24  fabs.o(i.fabs)
    AHBPrescTable                            0x0800c170   Data          16  system_stm32f4xx.o(.rodata.AHBPrescTable)
    APBPrescTable                            0x0800c180   Data           8  system_stm32f4xx.o(.rodata.APBPrescTable)
    Region$$Table$$Base                      0x0800cb88   Number         0  anon$$obj.o(Region$$Table)
    Region$$Table$$Limit                     0x0800cba8   Number         0  anon$$obj.o(Region$$Table)
    __stdout                                 0x20000004   Data           4  stdout.o(.data)
    HEIGHT                                   0x2000000c   Data           2  mcufriend_kbv.o(.data.HEIGHT)
    SystemCoreClock                          0x20000010   Data           4  system_stm32f4xx.o(.data.SystemCoreClock)
    WIDTH                                    0x20000014   Data           2  mcufriend_kbv.o(.data.WIDTH)
    _height                                  0x20000016   Data           2  mcufriend_kbv.o(.data._height)
    _width                                   0x20000018   Data           2  mcufriend_kbv.o(.data._width)
    current_tab                              0x2000001c   Data           4  main.o(.data.current_tab)
    hand                                     0x20000024   Data           4  main.o(.data.hand)
    newPosy                                  0x2000002c   Data           4  main.o(.data.newPosy)
    speed                                    0x20000038   Data           4  main.o(.data.speed)
    textcolor                                0x2000003c   Data           2  mcufriend_kbv.o(.data.textcolor)
    textsize_x                               0x2000003e   Data           1  mcufriend_kbv.o(.data.textsize_x)
    textsize_y                               0x2000003f   Data           1  mcufriend_kbv.o(.data.textsize_y)
    uwTickFreq                               0x20000040   Data           1  stm32f4xx_hal.o(.data.uwTickFreq)
    uwTickPrio                               0x20000044   Data           4  stm32f4xx_hal.o(.data.uwTickPrio)
    _EC                                      0x20000148   Data           2  mcufriend_kbv.o(.bss._EC)
    _EP                                      0x2000014a   Data           2  mcufriend_kbv.o(.bss._EP)
    _MC                                      0x2000014c   Data           2  mcufriend_kbv.o(.bss._MC)
    _MP                                      0x2000014e   Data           2  mcufriend_kbv.o(.bss._MP)
    _MW                                      0x20000150   Data           2  mcufriend_kbv.o(.bss._MW)
    _SC                                      0x20000152   Data           2  mcufriend_kbv.o(.bss._SC)
    _SP                                      0x20000154   Data           2  mcufriend_kbv.o(.bss._SP)
    _lcd_ID                                  0x20000156   Data           2  mcufriend_kbv.o(.bss._lcd_ID)
    _lcd_capable                             0x20000158   Data           2  mcufriend_kbv.o(.bss._lcd_capable)
    _lcd_madctl                              0x2000015a   Data           2  mcufriend_kbv.o(.bss._lcd_madctl)
    _lcd_rev                                 0x2000015c   Data           2  mcufriend_kbv.o(.bss._lcd_rev)
    _lcd_xor                                 0x2000015e   Data           2  mcufriend_kbv.o(.bss._lcd_xor)
    avatar                                   0x20000160   Data          28  main.o(.bss.avatar)
    bufferRx                                 0x20000180   Data           1  main.o(.bss.bufferRx)
    bufferTX                                 0x20000181   Data          10  main.o(.bss.bufferTX)
    commandeHand                             0x2000018b   Data           1  main.o(.bss.commandeHand)
    commandePos                              0x2000018c   Data           4  main.o(.bss.commandePos)
    cursor_x                                 0x20000190   Data           2  mcufriend_kbv.o(.bss.cursor_x)
    cursor_y                                 0x20000192   Data           2  mcufriend_kbv.o(.bss.cursor_y)
    deuxiemeCapture                          0x20000194   Data           1  main.o(.bss.deuxiemeCapture)
    difference                               0x20000198   Data           4  main.o(.bss.difference)
    distance                                 0x2000019c   Data           4  main.o(.bss.distance)
    etat                                     0x200001a4   Data           4  main.o(.bss.etat)
    flag                                     0x200001a8   Data           4  main.o(.bss.flag)
    flagMulti                                0x200001ac   Data           4  main.o(.bss.flagMulti)
    full_timer                               0x200001b0   Data           4  main.o(.bss.full_timer)
    gameover                                 0x200001b4   Data           4  main.o(.bss.gameover)
    handCounter                              0x200001b8   Data           4  main.o(.bss.handCounter)
    hdac                                     0x200001bc   Data          20  dac.o(.bss.hdac)
    hdma_dac2                                0x200001d0   Data          96  dac.o(.bss.hdma_dac2)
    hdma_uart5_tx                            0x20000230   Data          96  usart.o(.bss.hdma_uart5_tx)
    htim2                                    0x20000290   Data          72  tim.o(.bss.htim2)
    htim3                                    0x200002d8   Data          72  tim.o(.bss.htim3)
    huart2                                   0x20000320   Data          68  usart.o(.bss.huart2)
    huart5                                   0x20000364   Data          68  usart.o(.bss.huart5)
    id                                       0x200003a8   Data           4  main.o(.bss.id)
    idRecu                                   0x200003ac   Data           4  main.o(.bss.idRecu)
    last_distance                            0x200003b4   Data           4  main.o(.bss.last_distance)
    max_distance                             0x200003b8   Data           1  main.o(.bss.max_distance)
    obstacle                                 0x200003bc   Data          40  main.o(.bss.obstacle)
    pos                                      0x200003e4   Data           4  main.o(.bss.pos)
    posRecu                                  0x200003e8   Data           4  main.o(.bss.posRecu)
    recepOk                                  0x200003ec   Data           4  main.o(.bss.recepOk)
    rotation                                 0x200003f0   Data           1  mcufriend_kbv.o(.bss.rotation)
    score                                    0x200003f4   Data           4  main.o(.bss.score)
    scroll                                   0x200003f8   Data           4  main.o(.bss.scroll)
    textbgcolor                              0x200003fc   Data           2  mcufriend_kbv.o(.bss.textbgcolor)
    timer                                    0x20000400   Data           4  main.o(.bss.timer)
    uwTick                                   0x20000404   Data           4  stm32f4xx_hal.o(.bss.uwTick)
    valeur_1                                 0x20000408   Data           4  main.o(.bss.valeur_1)
    valeur_2                                 0x2000040c   Data           4  main.o(.bss.valeur_2)
    valueHigh                                0x20000410   Data         276  main.o(.bss.valueHigh)
    valueLow                                 0x20000524   Data         276  main.o(.bss.valueLow)
    valueSin                                 0x20000638   Data        4000  main.o(.bss.valueSin)
    wrap                                     0x200015d8   Data           1  mcufriend_kbv.o(.bss.wrap)
    __initial_sp                             0x200019e0   Data           0  startup_stm32f446xx.o(STACK)



==============================================================================

Memory Map of the image

  Image Entry point : 0x080001c5

  Load Region LR_IROM1 (Base: 0x08000000, Size: 0x0000cbf0, Max: 0x00080000, ABSOLUTE)

    Execution Region ER_IROM1 (Exec base: 0x08000000, Load base: 0x08000000, Size: 0x0000cba8, Max: 0x00080000, ABSOLUTE)

    Exec Addr    Load Addr    Size         Type   Attr      Idx    E Section Name        Object

    0x08000000   0x08000000   0x000001c4   Data   RO            3    RESET               startup_stm32f446xx.o
    0x080001c4   0x080001c4   0x00000000   Code   RO         3166  * .ARM.Collect$$$$00000000  mc_w.l(entry.o)
    0x080001c4   0x080001c4   0x00000004   Code   RO         3288    .ARM.Collect$$$$00000001  mc_w.l(entry2.o)
    0x080001c8   0x080001c8   0x00000004   Code   RO         3291    .ARM.Collect$$$$00000004  mc_w.l(entry5.o)
    0x080001cc   0x080001cc   0x00000000   Code   RO         3293    .ARM.Collect$$$$00000008  mc_w.l(entry7b.o)
    0x080001cc   0x080001cc   0x00000000   Code   RO         3295    .ARM.Collect$$$$0000000A  mc_w.l(entry8b.o)
    0x080001cc   0x080001cc   0x00000008   Code   RO         3296    .ARM.Collect$$$$0000000B  mc_w.l(entry9a.o)
    0x080001d4   0x080001d4   0x00000000   Code   RO         3298    .ARM.Collect$$$$0000000D  mc_w.l(entry10a.o)
    0x080001d4   0x080001d4   0x00000000   Code   RO         3300    .ARM.Collect$$$$0000000F  mc_w.l(entry11a.o)
    0x080001d4   0x080001d4   0x00000004   Code   RO         3289    .ARM.Collect$$$$00002712  mc_w.l(entry2.o)
    0x080001d8   0x080001d8   0x00000024   Code   RO            4    .text               startup_stm32f446xx.o
    0x080001fc   0x080001fc   0x00000062   Code   RO         3169    .text               mc_w.l(uldiv.o)
    0x0800025e   0x0800025e   0x00000002   PAD
    0x08000260   0x08000260   0x00000024   Code   RO         3173    .text               mc_w.l(rand.o)
    0x08000284   0x08000284   0x00000008   Code   RO         3176    .text               mc_w.l(siabs.o)
    0x0800028c   0x0800028c   0x00000024   Code   RO         3182    .text               mc_w.l(memseta.o)
    0x080002b0   0x080002b0   0x0000014e   Code   RO         3214    .text               mf_w.l(dadd.o)
    0x080003fe   0x080003fe   0x000000e4   Code   RO         3216    .text               mf_w.l(dmul.o)
    0x080004e2   0x080004e2   0x000000de   Code   RO         3218    .text               mf_w.l(ddiv.o)
    0x080005c0   0x080005c0   0x00000022   Code   RO         3228    .text               mf_w.l(dflti.o)
    0x080005e2   0x080005e2   0x0000001a   Code   RO         3230    .text               mf_w.l(dfltui.o)
    0x080005fc   0x080005fc   0x0000003e   Code   RO         3234    .text               mf_w.l(dfixi.o)
    0x0800063a   0x0800063a   0x00000032   Code   RO         3236    .text               mf_w.l(dfixui.o)
    0x0800066c   0x0800066c   0x00000026   Code   RO         3238    .text               mf_w.l(f2d.o)
    0x08000692   0x08000692   0x00000038   Code   RO         3240    .text               mf_w.l(d2f.o)
    0x080006ca   0x080006ca   0x0000002c   Code   RO         3312    .text               mc_w.l(uidiv.o)
    0x080006f6   0x080006f6   0x0000001e   Code   RO         3314    .text               mc_w.l(llshl.o)
    0x08000714   0x08000714   0x00000020   Code   RO         3316    .text               mc_w.l(llushr.o)
    0x08000734   0x08000734   0x00000024   Code   RO         3318    .text               mc_w.l(llsshr.o)
    0x08000758   0x08000758   0x00000000   Code   RO         3327    .text               mc_w.l(iusefp.o)
    0x08000758   0x08000758   0x0000006e   Code   RO         3328    .text               mf_w.l(fepilogue.o)
    0x080007c6   0x080007c6   0x000000ba   Code   RO         3330    .text               mf_w.l(depilogue.o)
    0x08000880   0x08000880   0x00000030   Code   RO         3336    .text               mf_w.l(dfixul.o)
    0x080008b0   0x080008b0   0x00000030   Code   RO         3340    .text               mf_w.l(cdrcmple.o)
    0x080008e0   0x080008e0   0x00000024   Code   RO         3350    .text               mc_w.l(init.o)
    0x08000904   0x08000904   0x00000004   Code   RO          330    .text.BusFault_Handler  stm32f4xx_it.o
    0x08000908   0x08000908   0x0000001c   Code   RO          379    .text.DAC_DMAConvCpltCh1  stm32f4xx_hal_dac.o
    0x08000924   0x08000924   0x0000001c   Code   RO          434    .text.DAC_DMAConvCpltCh2  stm32f4xx_hal_dac_ex.o
    0x08000940   0x08000940   0x00000026   Code   RO          383    .text.DAC_DMAErrorCh1  stm32f4xx_hal_dac.o
    0x08000966   0x08000966   0x00000002   PAD
    0x08000968   0x08000968   0x00000026   Code   RO          438    .text.DAC_DMAErrorCh2  stm32f4xx_hal_dac_ex.o
    0x0800098e   0x0800098e   0x00000002   PAD
    0x08000990   0x08000990   0x00000016   Code   RO          381    .text.DAC_DMAHalfConvCpltCh1  stm32f4xx_hal_dac.o
    0x080009a6   0x080009a6   0x00000002   PAD
    0x080009a8   0x080009a8   0x00000016   Code   RO          436    .text.DAC_DMAHalfConvCpltCh2  stm32f4xx_hal_dac_ex.o
    0x080009be   0x080009be   0x00000002   PAD
    0x080009c0   0x080009c0   0x00000010   Code   RO          342    .text.DMA1_Stream6_IRQHandler  stm32f4xx_it.o
    0x080009d0   0x080009d0   0x00000010   Code   RO          346    .text.DMA1_Stream7_IRQHandler  stm32f4xx_it.o
    0x080009e0   0x080009e0   0x00000056   Code   RO          663    .text.DMA_CalcBaseAndBitshift  stm32f4xx_hal_dma.o
    0x08000a36   0x08000a36   0x00000002   PAD
    0x08000a38   0x08000a38   0x000000f0   Code   RO          661    .text.DMA_CheckFifoParam  stm32f4xx_hal_dma.o
    0x08000b28   0x08000b28   0x00000050   Code   RO          669    .text.DMA_SetConfig  stm32f4xx_hal_dma.o
    0x08000b78   0x08000b78   0x00000002   Code   RO          336    .text.DebugMon_Handler  stm32f4xx_it.o
    0x08000b7a   0x08000b7a   0x00000002   PAD
    0x08000b7c   0x08000b7c   0x0000000e   Code   RO          191    .text.Error_Handler  main.o
    0x08000b8a   0x08000b8a   0x00000002   PAD
    0x08000b8c   0x08000b8c   0x00000024   Code   RO          203    .text.HAL_DACEx_ConvCpltCallbackCh2  main.o
    0x08000bb0   0x08000bb0   0x00000008   Code   RO          426    .text.HAL_DACEx_ConvHalfCpltCallbackCh2  stm32f4xx_hal_dac_ex.o
    0x08000bb8   0x08000bb8   0x00000008   Code   RO          428    .text.HAL_DACEx_ErrorCallbackCh2  stm32f4xx_hal_dac_ex.o
    0x08000bc0   0x08000bc0   0x000000a2   Code   RO          401    .text.HAL_DAC_ConfigChannel  stm32f4xx_hal_dac.o
    0x08000c62   0x08000c62   0x00000002   PAD
    0x08000c64   0x08000c64   0x00000008   Code   RO          393    .text.HAL_DAC_ConvCpltCallbackCh1  stm32f4xx_hal_dac.o
    0x08000c6c   0x08000c6c   0x00000008   Code   RO          395    .text.HAL_DAC_ConvHalfCpltCallbackCh1  stm32f4xx_hal_dac.o
    0x08000c74   0x08000c74   0x00000008   Code   RO          397    .text.HAL_DAC_ErrorCallbackCh1  stm32f4xx_hal_dac.o
    0x08000c7c   0x08000c7c   0x0000004a   Code   RO          365    .text.HAL_DAC_Init  stm32f4xx_hal_dac.o
    0x08000cc6   0x08000cc6   0x00000002   PAD
    0x08000cc8   0x08000cc8   0x000000e4   Code   RO          266    .text.HAL_DAC_MspInit  dac.o
    0x08000dac   0x08000dac   0x000001b0   Code   RO          377    .text.HAL_DAC_Start_DMA  stm32f4xx_hal_dac.o
    0x08000f5c   0x08000f5c   0x000000ec   Code   RO          673    .text.HAL_DMA_Abort  stm32f4xx_hal_dma.o
    0x08001048   0x08001048   0x00000044   Code   RO          675    .text.HAL_DMA_Abort_IT  stm32f4xx_hal_dma.o
    0x0800108c   0x0800108c   0x0000031e   Code   RO          679    .text.HAL_DMA_IRQHandler  stm32f4xx_hal_dma.o
    0x080013aa   0x080013aa   0x00000002   PAD
    0x080013ac   0x080013ac   0x0000016e   Code   RO          659    .text.HAL_DMA_Init  stm32f4xx_hal_dma.o
    0x0800151a   0x0800151a   0x00000002   PAD
    0x0800151c   0x0800151c   0x000000c2   Code   RO          671    .text.HAL_DMA_Start_IT  stm32f4xx_hal_dma.o
    0x080015de   0x080015de   0x00000002   PAD
    0x080015e0   0x080015e0   0x00000042   Code   RO          854    .text.HAL_Delay     stm32f4xx_hal.o
    0x08001622   0x08001622   0x00000002   PAD
    0x08001624   0x08001624   0x0000039a   Code   RO          621    .text.HAL_GPIO_Init  stm32f4xx_hal_gpio.o
    0x080019be   0x080019be   0x00000002   PAD
    0x080019c0   0x080019c0   0x0000002e   Code   RO          627    .text.HAL_GPIO_WritePin  stm32f4xx_hal_gpio.o
    0x080019ee   0x080019ee   0x00000002   PAD
    0x080019f0   0x080019f0   0x0000000c   Code   RO          846    .text.HAL_GetTick   stm32f4xx_hal.o
    0x080019fc   0x080019fc   0x0000001a   Code   RO          844    .text.HAL_IncTick   stm32f4xx_hal.o
    0x08001a16   0x08001a16   0x00000002   PAD
    0x08001a18   0x08001a18   0x0000003c   Code   RO          834    .text.HAL_Init      stm32f4xx_hal.o
    0x08001a54   0x08001a54   0x00000070   Code   RO          836    .text.HAL_InitTick  stm32f4xx_hal.o
    0x08001ac4   0x08001ac4   0x00000052   Code   RO          357    .text.HAL_MspInit   stm32f4xx_hal_msp.o
    0x08001b16   0x08001b16   0x00000002   PAD
    0x08001b18   0x08001b18   0x00000014   Code   RO          775    .text.HAL_NVIC_EnableIRQ  stm32f4xx_hal_cortex.o
    0x08001b2c   0x08001b2c   0x00000032   Code   RO          767    .text.HAL_NVIC_SetPriority  stm32f4xx_hal_cortex.o
    0x08001b5e   0x08001b5e   0x00000002   PAD
    0x08001b60   0x08001b60   0x00000010   Code   RO          763    .text.HAL_NVIC_SetPriorityGrouping  stm32f4xx_hal_cortex.o
    0x08001b70   0x08001b70   0x00000262   Code   RO          451    .text.HAL_RCC_ClockConfig  stm32f4xx_hal_rcc.o
    0x08001dd2   0x08001dd2   0x00000002   PAD
    0x08001dd4   0x08001dd4   0x0000000c   Code   RO          461    .text.HAL_RCC_GetHCLKFreq  stm32f4xx_hal_rcc.o
    0x08001de0   0x08001de0   0x00000022   Code   RO          463    .text.HAL_RCC_GetPCLK1Freq  stm32f4xx_hal_rcc.o
    0x08001e02   0x08001e02   0x00000002   PAD
    0x08001e04   0x08001e04   0x00000022   Code   RO          465    .text.HAL_RCC_GetPCLK2Freq  stm32f4xx_hal_rcc.o
    0x08001e26   0x08001e26   0x00000002   PAD
    0x08001e28   0x08001e28   0x00000170   Code   RO          498    .text.HAL_RCC_GetSysClockFreq  stm32f4xx_hal_rcc_ex.o
    0x08001f98   0x08001f98   0x00000726   Code   RO          502    .text.HAL_RCC_OscConfig  stm32f4xx_hal_rcc_ex.o
    0x080026be   0x080026be   0x00000002   PAD
    0x080026c0   0x080026c0   0x0000004a   Code   RO          185    .text.HAL_SYSTICK_Callback  main.o
    0x0800270a   0x0800270a   0x00000002   PAD
    0x0800270c   0x0800270c   0x00000010   Code   RO          787    .text.HAL_SYSTICK_Config  stm32f4xx_hal_cortex.o
    0x0800271c   0x0800271c   0x00000008   Code   RO         1246    .text.HAL_TIMEx_BreakCallback  stm32f4xx_hal_tim_ex.o
    0x08002724   0x08002724   0x00000008   Code   RO         1242    .text.HAL_TIMEx_CommutCallback  stm32f4xx_hal_tim_ex.o
    0x0800272c   0x0800272c   0x00000122   Code   RO         1236    .text.HAL_TIMEx_MasterConfigSynchronization  stm32f4xx_hal_tim_ex.o
    0x0800284e   0x0800284e   0x00000002   PAD
    0x08002850   0x08002850   0x0000009c   Code   RO          923    .text.HAL_TIM_Base_Init  stm32f4xx_hal_tim.o
    0x080028ec   0x080028ec   0x000000d4   Code   RO          293    .text.HAL_TIM_Base_MspInit  tim.o
    0x080029c0   0x080029c0   0x00000184   Code   RO         1115    .text.HAL_TIM_ConfigClockSource  stm32f4xx_hal_tim.o
    0x08002b44   0x08002b44   0x00000004   PAD
    0x08002b48   0x08002b48   0x00000270   Code   RO          195    .text.HAL_TIM_IC_CaptureCallback  main.o
    0x08002db8   0x08002db8   0x00000130   Code   RO         1079    .text.HAL_TIM_IC_ConfigChannel  stm32f4xx_hal_tim.o
    0x08002ee8   0x08002ee8   0x0000009c   Code   RO          997    .text.HAL_TIM_IC_Init  stm32f4xx_hal_tim.o
    0x08002f84   0x08002f84   0x00000008   Code   RO          999    .text.HAL_TIM_IC_MspInit  stm32f4xx_hal_tim.o
    0x08002f8c   0x08002f8c   0x000002a6   Code   RO         1009    .text.HAL_TIM_IC_Start_IT  stm32f4xx_hal_tim.o
    0x08003232   0x08003232   0x00000002   PAD
    0x08003234   0x08003234   0x0000027a   Code   RO         1057    .text.HAL_TIM_IRQHandler  stm32f4xx_hal_tim.o
    0x080034ae   0x080034ae   0x00000002   PAD
    0x080034b0   0x080034b0   0x00000066   Code   RO          289    .text.HAL_TIM_MspPostInit  tim.o
    0x08003516   0x08003516   0x00000002   PAD
    0x08003518   0x08003518   0x00000008   Code   RO         1061    .text.HAL_TIM_OC_DelayElapsedCallback  stm32f4xx_hal_tim.o
    0x08003520   0x08003520   0x00000142   Code   RO         1089    .text.HAL_TIM_PWM_ConfigChannel  stm32f4xx_hal_tim.o
    0x08003662   0x08003662   0x00000002   PAD
    0x08003664   0x08003664   0x0000009c   Code   RO          977    .text.HAL_TIM_PWM_Init  stm32f4xx_hal_tim.o
    0x08003700   0x08003700   0x00000008   Code   RO          979    .text.HAL_TIM_PWM_MspInit  stm32f4xx_hal_tim.o
    0x08003708   0x08003708   0x00000008   Code   RO         1063    .text.HAL_TIM_PWM_PulseFinishedCallback  stm32f4xx_hal_tim.o
    0x08003710   0x08003710   0x000001ca   Code   RO          985    .text.HAL_TIM_PWM_Start  stm32f4xx_hal_tim.o
    0x080038da   0x080038da   0x00000002   PAD
    0x080038dc   0x080038dc   0x00000008   Code   RO         1065    .text.HAL_TIM_PeriodElapsedCallback  stm32f4xx_hal_tim.o
    0x080038e4   0x080038e4   0x00000056   Code   RO         1131    .text.HAL_TIM_ReadCapturedValue  stm32f4xx_hal_tim.o
    0x0800393a   0x0800393a   0x00000002   PAD
    0x0800393c   0x0800393c   0x00000008   Code   RO         1067    .text.HAL_TIM_TriggerCallback  stm32f4xx_hal_tim.o
    0x08003944   0x08003944   0x0000000c   Code   RO         1349    .text.HAL_UARTEx_RxEventCallback  stm32f4xx_hal_uart.o
    0x08003950   0x08003950   0x00000008   Code   RO         1347    .text.HAL_UART_ErrorCallback  stm32f4xx_hal_uart.o
    0x08003958   0x08003958   0x0000041e   Code   RO         1341    .text.HAL_UART_IRQHandler  stm32f4xx_hal_uart.o
    0x08003d76   0x08003d76   0x00000002   PAD
    0x08003d78   0x08003d78   0x0000009a   Code   RO         1259    .text.HAL_UART_Init  stm32f4xx_hal_uart.o
    0x08003e12   0x08003e12   0x00000002   PAD
    0x08003e14   0x08003e14   0x000001d2   Code   RO          310    .text.HAL_UART_MspInit  usart.o
    0x08003fe6   0x08003fe6   0x00000002   PAD
    0x08003fe8   0x08003fe8   0x00000078   Code   RO         1283    .text.HAL_UART_Receive_IT  stm32f4xx_hal_uart.o
    0x08004060   0x08004060   0x00000154   Code   RO          199    .text.HAL_UART_RxCpltCallback  main.o
    0x080041b4   0x080041b4   0x0000014e   Code   RO         1275    .text.HAL_UART_Transmit  stm32f4xx_hal_uart.o
    0x08004302   0x08004302   0x00000002   PAD
    0x08004304   0x08004304   0x00000110   Code   RO         1287    .text.HAL_UART_Transmit_DMA  stm32f4xx_hal_uart.o
    0x08004414   0x08004414   0x00000008   Code   RO          197    .text.HAL_UART_TxCpltCallback  main.o
    0x0800441c   0x0800441c   0x00000008   Code   RO         1357    .text.HAL_UART_TxHalfCpltCallback  stm32f4xx_hal_uart.o
    0x08004424   0x08004424   0x00000004   Code   RO          326    .text.HardFault_Handler  stm32f4xx_it.o
    0x08004428   0x08004428   0x0000086e   Code   RO           93    .text.LCD_Begin     mcufriend_kbv.o
    0x08004c96   0x08004c96   0x00000002   PAD
    0x08004c98   0x08004c98   0x00000030   Code   RO           21    .text.LCD_Color565  mcufriend_kbv.o
    0x08004cc8   0x08004cc8   0x000001c4   Code   RO           33    .text.LCD_DrawChar  mcufriend_kbv.o
    0x08004e8c   0x08004e8c   0x00000034   Code   RO           13    .text.LCD_DrawFastVLine  mcufriend_kbv.o
    0x08004ec0   0x08004ec0   0x00000198   Code   RO           47    .text.LCD_DrawLine  mcufriend_kbv.o
    0x08005058   0x08005058   0x00000096   Code   RO           35    .text.LCD_DrawPixel  mcufriend_kbv.o
    0x080050ee   0x080050ee   0x00000002   PAD
    0x080050f0   0x080050f0   0x00000058   Code   RO           39    .text.LCD_FillCircle  mcufriend_kbv.o
    0x08005148   0x08005148   0x00000182   Code   RO           41    .text.LCD_FillCircleHelper  mcufriend_kbv.o
    0x080052ca   0x080052ca   0x00000002   PAD
    0x080052cc   0x080052cc   0x0000047e   Code   RO           15    .text.LCD_FillRect  mcufriend_kbv.o
    0x0800574a   0x0800574a   0x00000002   PAD
    0x0800574c   0x0800574c   0x00000034   Code   RO           19    .text.LCD_FillScreen  mcufriend_kbv.o
    0x08005780   0x08005780   0x00000160   Code   RO           91    .text.LCD_InvertDisplay  mcufriend_kbv.o
    0x080058e0   0x080058e0   0x0000014c   Code   RO           37    .text.LCD_Printf    mcufriend_kbv.o
    0x08005a2c   0x08005a2c   0x00000020   Code   RO           57    .text.LCD_PushCommand  mcufriend_kbv.o
    0x08005a4c   0x08005a4c   0x000009ce   Code   RO           25    .text.LCD_ReadGRAM  mcufriend_kbv.o
    0x0800641a   0x0800641a   0x00000002   PAD
    0x0800641c   0x0800641c   0x00000332   Code   RO           69    .text.LCD_ReadID    mcufriend_kbv.o
    0x0800674e   0x0800674e   0x00000002   PAD
    0x08006750   0x08006750   0x0000002a   Code   RO           23    .text.LCD_ReadPixel  mcufriend_kbv.o
    0x0800677a   0x0800677a   0x00000002   PAD
    0x0800677c   0x0800677c   0x00000222   Code   RO           61    .text.LCD_ReadReg   mcufriend_kbv.o
    0x0800699e   0x0800699e   0x00000002   PAD
    0x080069a0   0x080069a0   0x00000034   Code   RO           65    .text.LCD_ReadReg32  mcufriend_kbv.o
    0x080069d4   0x080069d4   0x0000004a   Code   RO           67    .text.LCD_ReadReg40  mcufriend_kbv.o
    0x08006a1e   0x08006a1e   0x00000002   PAD
    0x08006a20   0x08006a20   0x000000f4   Code   RO           51    .text.LCD_Reset     mcufriend_kbv.o
    0x08006b14   0x08006b14   0x000002a2   Code   RO           71    .text.LCD_SetAddrWindow  mcufriend_kbv.o
    0x08006db6   0x08006db6   0x00000002   PAD
    0x08006db8   0x08006db8   0x00000022   Code   RO           27    .text.LCD_SetCursor  mcufriend_kbv.o
    0x08006dda   0x08006dda   0x00000002   PAD
    0x08006ddc   0x08006ddc   0x00000756   Code   RO           75    .text.LCD_SetRotation  mcufriend_kbv.o
    0x08007532   0x08007532   0x00000002   PAD
    0x08007534   0x08007534   0x0000002a   Code   RO           31    .text.LCD_SetTextColor  mcufriend_kbv.o
    0x0800755e   0x0800755e   0x00000002   PAD
    0x08007560   0x08007560   0x00000052   Code   RO           29    .text.LCD_SetTextSize  mcufriend_kbv.o
    0x080075b2   0x080075b2   0x00000002   PAD
    0x080075b4   0x080075b4   0x000002e6   Code   RO           77    .text.LCD_VertScroll  mcufriend_kbv.o
    0x0800789a   0x0800789a   0x00000002   PAD
    0x0800789c   0x0800789c   0x0000001c   Code   RO           53    .text.LCD_WriteCmdData  mcufriend_kbv.o
    0x080078b8   0x080078b8   0x0000004e   Code   RO          264    .text.MX_DAC_Init   dac.o
    0x08007906   0x08007906   0x00000002   PAD
    0x08007908   0x08007908   0x00000050   Code   RO          279    .text.MX_DMA_Init   dma.o
    0x08007958   0x08007958   0x00000150   Code   RO          256    .text.MX_GPIO_Init  gpio.o
    0x08007aa8   0x08007aa8   0x000000da   Code   RO          287    .text.MX_TIM2_Init  tim.o
    0x08007b82   0x08007b82   0x00000002   PAD
    0x08007b84   0x08007b84   0x000000ca   Code   RO          291    .text.MX_TIM3_Init  tim.o
    0x08007c4e   0x08007c4e   0x00000002   PAD
    0x08007c50   0x08007c50   0x00000040   Code   RO          306    .text.MX_UART5_Init  usart.o
    0x08007c90   0x08007c90   0x00000040   Code   RO          308    .text.MX_USART2_UART_Init  usart.o
    0x08007cd0   0x08007cd0   0x00000004   Code   RO          328    .text.MemManage_Handler  stm32f4xx_it.o
    0x08007cd4   0x08007cd4   0x00000004   Code   RO          324    .text.NMI_Handler   stm32f4xx_it.o
    0x08007cd8   0x08007cd8   0x0000006c   Code   RO          773    .text.NVIC_EncodePriority  stm32f4xx_hal_cortex.o
    0x08007d44   0x08007d44   0x00000002   Code   RO          338    .text.PendSV_Handler  stm32f4xx_it.o
    0x08007d46   0x08007d46   0x00000002   PAD
    0x08007d48   0x08007d48   0x00000002   Code   RO          334    .text.SVC_Handler   stm32f4xx_it.o
    0x08007d4a   0x08007d4a   0x00000002   PAD
    0x08007d4c   0x08007d4c   0x00000052   Code   RO          789    .text.SysTick_Config  stm32f4xx_hal_cortex.o
    0x08007d9e   0x08007d9e   0x00000002   PAD
    0x08007da0   0x08007da0   0x0000000c   Code   RO          340    .text.SysTick_Handler  stm32f4xx_it.o
    0x08007dac   0x08007dac   0x000000b8   Code   RO          189    .text.SystemClock_Config  main.o
    0x08007e64   0x08007e64   0x00000012   Code   RO         1388    .text.SystemInit    system_stm32f4xx.o
    0x08007e76   0x08007e76   0x00000002   PAD
    0x08007e78   0x08007e78   0x00000010   Code   RO          344    .text.TIM3_IRQHandler  stm32f4xx_it.o
    0x08007e88   0x08007e88   0x0000019a   Code   RO          927    .text.TIM_Base_SetConfig  stm32f4xx_hal_tim.o
    0x08008022   0x08008022   0x00000002   PAD
    0x08008024   0x08008024   0x00000036   Code   RO          961    .text.TIM_CCxChannelCmd  stm32f4xx_hal_tim.o
    0x0800805a   0x0800805a   0x00000002   PAD
    0x0800805c   0x0800805c   0x00000034   Code   RO         1113    .text.TIM_ETR_SetConfig  stm32f4xx_hal_tim.o
    0x08008090   0x08008090   0x0000002a   Code   RO         1119    .text.TIM_ITRx_SetConfig  stm32f4xx_hal_tim.o
    0x080080ba   0x080080ba   0x00000002   PAD
    0x080080bc   0x080080bc   0x000000ea   Code   RO         1071    .text.TIM_OC1_SetConfig  stm32f4xx_hal_tim.o
    0x080081a6   0x080081a6   0x00000002   PAD
    0x080081a8   0x080081a8   0x000000f4   Code   RO         1073    .text.TIM_OC2_SetConfig  stm32f4xx_hal_tim.o
    0x0800829c   0x0800829c   0x000000f2   Code   RO         1075    .text.TIM_OC3_SetConfig  stm32f4xx_hal_tim.o
    0x0800838e   0x0800838e   0x00000002   PAD
    0x08008390   0x08008390   0x000000a4   Code   RO         1077    .text.TIM_OC4_SetConfig  stm32f4xx_hal_tim.o
    0x08008434   0x08008434   0x00000050   Code   RO         1117    .text.TIM_TI1_ConfigInputStage  stm32f4xx_hal_tim.o
    0x08008484   0x08008484   0x00000116   Code   RO         1081    .text.TIM_TI1_SetConfig  stm32f4xx_hal_tim.o
    0x0800859a   0x0800859a   0x00000002   PAD
    0x0800859c   0x0800859c   0x00000052   Code   RO         1121    .text.TIM_TI2_ConfigInputStage  stm32f4xx_hal_tim.o
    0x080085ee   0x080085ee   0x00000002   PAD
    0x080085f0   0x080085f0   0x0000006c   Code   RO         1083    .text.TIM_TI2_SetConfig  stm32f4xx_hal_tim.o
    0x0800865c   0x0800865c   0x0000006a   Code   RO         1085    .text.TIM_TI3_SetConfig  stm32f4xx_hal_tim.o
    0x080086c6   0x080086c6   0x00000002   PAD
    0x080086c8   0x080086c8   0x0000006c   Code   RO         1087    .text.TIM_TI4_SetConfig  stm32f4xx_hal_tim.o
    0x08008734   0x08008734   0x00000010   Code   RO          348    .text.UART5_IRQHandler  stm32f4xx_it.o
    0x08008744   0x08008744   0x00000020   Code   RO         1345    .text.UART_DMAAbortOnError  stm32f4xx_hal_uart.o
    0x08008764   0x08008764   0x0000007c   Code   RO         1293    .text.UART_DMAError  stm32f4xx_hal_uart.o
    0x080087e0   0x080087e0   0x0000007a   Code   RO         1289    .text.UART_DMATransmitCplt  stm32f4xx_hal_uart.o
    0x0800885a   0x0800885a   0x00000002   PAD
    0x0800885c   0x0800885c   0x00000016   Code   RO         1291    .text.UART_DMATxHalfCplt  stm32f4xx_hal_uart.o
    0x08008872   0x08008872   0x00000002   PAD
    0x08008874   0x08008874   0x00000094   Code   RO         1307    .text.UART_EndRxTransfer  stm32f4xx_hal_uart.o
    0x08008908   0x08008908   0x00000026   Code   RO         1353    .text.UART_EndTransmit_IT  stm32f4xx_hal_uart.o
    0x0800892e   0x0800892e   0x00000002   PAD
    0x08008930   0x08008930   0x00000036   Code   RO         1305    .text.UART_EndTxTransfer  stm32f4xx_hal_uart.o
    0x08008966   0x08008966   0x00000002   PAD
    0x08008968   0x08008968   0x00000164   Code   RO         1343    .text.UART_Receive_IT  stm32f4xx_hal_uart.o
    0x08008acc   0x08008acc   0x0000013a   Code   RO         1263    .text.UART_SetConfig  stm32f4xx_hal_uart.o
    0x08008c06   0x08008c06   0x00000002   PAD
    0x08008c08   0x08008c08   0x0000006e   Code   RO         1285    .text.UART_Start_Receive_IT  stm32f4xx_hal_uart.o
    0x08008c76   0x08008c76   0x00000002   PAD
    0x08008c78   0x08008c78   0x00000094   Code   RO         1351    .text.UART_Transmit_IT  stm32f4xx_hal_uart.o
    0x08008d0c   0x08008d0c   0x000000d2   Code   RO         1277    .text.UART_WaitOnFlagUntilTimeout  stm32f4xx_hal_uart.o
    0x08008dde   0x08008dde   0x00000002   PAD
    0x08008de0   0x08008de0   0x00000004   Code   RO          332    .text.UsageFault_Handler  stm32f4xx_it.o
    0x08008de4   0x08008de4   0x0000004e   Code   RO           81    .text.WriteCmdParam4  mcufriend_kbv.o
    0x08008e32   0x08008e32   0x00000002   PAD
    0x08008e34   0x08008e34   0x00000370   Code   RO           59    .text.WriteCmdParamN  mcufriend_kbv.o
    0x080091a4   0x080091a4   0x00000030   Code   RO          777    .text.__NVIC_EnableIRQ  stm32f4xx_hal_cortex.o
    0x080091d4   0x080091d4   0x00000010   Code   RO          769    .text.__NVIC_GetPriorityGrouping  stm32f4xx_hal_cortex.o
    0x080091e4   0x080091e4   0x00000042   Code   RO          771    .text.__NVIC_SetPriority  stm32f4xx_hal_cortex.o
    0x08009226   0x08009226   0x00000002   PAD
    0x08009228   0x08009228   0x0000003c   Code   RO          765    .text.__NVIC_SetPriorityGrouping  stm32f4xx_hal_cortex.o
    0x08009264   0x08009264   0x00000022   Code   RO           73    .text.color555_to_565  mcufriend_kbv.o
    0x08009286   0x08009286   0x00000002   PAD
    0x08009288   0x08009288   0x00000020   Code   RO           79    .text.color565_to_555  mcufriend_kbv.o
    0x080092a8   0x080092a8   0x0000003a   Code   RO           11    .text.delay         mcufriend_kbv.o
    0x080092e2   0x080092e2   0x00000002   PAD
    0x080092e4   0x080092e4   0x00000be6   Code   RO          165    .text.drawAvatar    avatar.o
    0x08009eca   0x08009eca   0x00000002   PAD
    0x08009ecc   0x08009ecc   0x00000032   Code   RO          171    .text.drawIndicateurObstacle  avatar.o
    0x08009efe   0x08009efe   0x00000002   PAD
    0x08009f00   0x08009f00   0x00000022   Code   RO          193    .text.fputc         main.o
    0x08009f22   0x08009f22   0x00000002   PAD
    0x08009f24   0x08009f24   0x0000005c   Code   RO          163    .text.initGame      avatar.o
    0x08009f80   0x08009f80   0x000000a6   Code   RO           97    .text.init_table    mcufriend_kbv.o
    0x0800a026   0x0800a026   0x00000002   PAD
    0x0800a028   0x0800a028   0x00000068   Code   RO           95    .text.init_table16  mcufriend_kbv.o
    0x0800a090   0x0800a090   0x000000ba   Code   RO          173    .text.lookColision  avatar.o
    0x0800a14a   0x0800a14a   0x00000006   PAD
    0x0800a150   0x0800a150   0x00000670   Code   RO          187    .text.main          main.o
    0x0800a7c0   0x0800a7c0   0x0000003e   Code   RO          167    .text.moveAvatar    avatar.o
    0x0800a7fe   0x0800a7fe   0x00000002   PAD
    0x0800a800   0x0800a800   0x00000170   Code   RO          169    .text.moveObstacle  avatar.o
    0x0800a970   0x0800a970   0x00000134   Code   RO           63    .text.read16bits    mcufriend_kbv.o
    0x0800aaa4   0x0800aaa4   0x000000d6   Code   RO          205    .text.startGame     main.o
    0x0800ab7a   0x0800ab7a   0x00000002   PAD
    0x0800ab7c   0x0800ab7c   0x00000240   Code   RO           55    .text.writecmddata  mcufriend_kbv.o
    0x0800adbc   0x0800adbc   0x00000020   Code   RO         3187    i.__0printf         mc_w.l(printfa.o)
    0x0800addc   0x0800addc   0x00000028   Code   RO         3189    i.__0sprintf        mc_w.l(printfa.o)
    0x0800ae04   0x0800ae04   0x00000024   Code   RO         3193    i.__0vsprintf       mc_w.l(printfa.o)
    0x0800ae28   0x0800ae28   0x00000030   Code   RO         3259    i.__ARM_fpclassify  m_wm.l(fpclassify.o)
    0x0800ae58   0x0800ae58   0x000000c8   Code   RO         3142    i.__hardfp_sin      m_wm.l(sin.o)
    0x0800af20   0x0800af20   0x00000438   Code   RO         3280    i.__ieee754_rem_pio2  m_wm.l(rred.o)
    0x0800b358   0x0800b358   0x00000170   Code   RO         3242    i.__kernel_cos      m_wm.l(cos_i.o)
    0x0800b4c8   0x0800b4c8   0x000000f8   Code   RO         3277    i.__kernel_poly     m_wm.l(poly.o)
    0x0800b5c0   0x0800b5c0   0x00000130   Code   RO         3285    i.__kernel_sin      m_wm.l(sin_i.o)
    0x0800b6f0   0x0800b6f0   0x00000014   Code   RO         3246    i.__mathlib_dbl_infnan  m_wm.l(dunder.o)
    0x0800b704   0x0800b704   0x00000004   PAD
    0x0800b708   0x0800b708   0x00000020   Code   RO         3248    i.__mathlib_dbl_invalid  m_wm.l(dunder.o)
    0x0800b728   0x0800b728   0x00000020   Code   RO         3251    i.__mathlib_dbl_underflow  m_wm.l(dunder.o)
    0x0800b748   0x0800b748   0x0000000e   Code   RO         3354    i.__scatterload_copy  mc_w.l(handlers.o)
    0x0800b756   0x0800b756   0x00000002   Code   RO         3355    i.__scatterload_null  mc_w.l(handlers.o)
    0x0800b758   0x0800b758   0x0000000e   Code   RO         3356    i.__scatterload_zeroinit  mc_w.l(handlers.o)
    0x0800b766   0x0800b766   0x00000002   PAD
    0x0800b768   0x0800b768   0x0000000c   Code   RO         3322    i.__set_errno       mc_w.l(errno.o)
    0x0800b774   0x0800b774   0x00000184   Code   RO         3194    i._fp_digits        mc_w.l(printfa.o)
    0x0800b8f8   0x0800b8f8   0x000006dc   Code   RO         3195    i._printf_core      mc_w.l(printfa.o)
    0x0800bfd4   0x0800bfd4   0x00000024   Code   RO         3196    i._printf_post_padding  mc_w.l(printfa.o)
    0x0800bff8   0x0800bff8   0x0000002e   Code   RO         3197    i._printf_pre_padding  mc_w.l(printfa.o)
    0x0800c026   0x0800c026   0x0000000a   Code   RO         3199    i._sputc            mc_w.l(printfa.o)
    0x0800c030   0x0800c030   0x00000018   Code   RO         3346    i.fabs              m_wm.l(fabs.o)
    0x0800c048   0x0800c048   0x00000030   Data   RO         3243    .constdata          m_wm.l(cos_i.o)
    0x0800c078   0x0800c078   0x000000cc   Data   RO         3282    .constdata          m_wm.l(rred.o)
    0x0800c144   0x0800c144   0x00000004   PAD
    0x0800c148   0x0800c148   0x00000028   Data   RO         3286    .constdata          m_wm.l(sin_i.o)
    0x0800c170   0x0800c170   0x00000010   Data   RO         1393    .rodata.AHBPrescTable  system_stm32f4xx.o
    0x0800c180   0x0800c180   0x00000008   Data   RO         1394    .rodata.APBPrescTable  system_stm32f4xx.o
    0x0800c188   0x0800c188   0x00000008   Data   RO          689    .rodata.DMA_CalcBaseAndBitshift.flagBitshiftOffset  stm32f4xx_hal_dma.o
    0x0800c190   0x0800c190   0x00000012   Data   RO          139    .rodata.LCD_Begin.FK8031_regValues  mcufriend_kbv.o
    0x0800c1a2   0x0800c1a2   0x00000070   Data   RO          140    .rodata.LCD_Begin.HX8347G_2_regValues  mcufriend_kbv.o
    0x0800c212   0x0800c212   0x00000002   Data   RO          141    .rodata.LCD_Begin.HX8357C_regValues  mcufriend_kbv.o
    0x0800c214   0x0800c214   0x0000001d   Data   RO          142    .rodata.LCD_Begin.HX8357_99_regValues  mcufriend_kbv.o
    0x0800c231   0x0800c231   0x00000001   PAD
    0x0800c232   0x0800c232   0x000000d8   Data   RO          143    .rodata.LCD_Begin.ILI9320_regValues  mcufriend_kbv.o
    0x0800c30a   0x0800c30a   0x000000cc   Data   RO          144    .rodata.LCD_Begin.ILI9325_regValues  mcufriend_kbv.o
    0x0800c3d6   0x0800c3d6   0x0000001e   Data   RO          145    .rodata.LCD_Begin.ILI9327_regValues  mcufriend_kbv.o
    0x0800c3f4   0x0800c3f4   0x00000003   Data   RO          146    .rodata.LCD_Begin.ILI9329_regValues  mcufriend_kbv.o
    0x0800c3f7   0x0800c3f7   0x00000065   Data   RO          147    .rodata.LCD_Begin.ILI9341_regValues_2_4  mcufriend_kbv.o
    0x0800c45c   0x0800c45c   0x00000045   Data   RO          148    .rodata.LCD_Begin.ILI9481_regValues  mcufriend_kbv.o
    0x0800c4a1   0x0800c4a1   0x0000003b   Data   RO          149    .rodata.LCD_Begin.ILI9486_regValues  mcufriend_kbv.o
    0x0800c4dc   0x0800c4dc   0x0000002b   Data   RO          150    .rodata.LCD_Begin.ILI9488_regValues_max  mcufriend_kbv.o
    0x0800c507   0x0800c507   0x00000001   PAD
    0x0800c508   0x0800c508   0x0000009c   Data   RO          134    .rodata.LCD_Begin.LGDP4535_regValues  mcufriend_kbv.o
    0x0800c5a4   0x0800c5a4   0x00000002   Data   RO          135    .rodata.LCD_Begin.NT35310_regValues  mcufriend_kbv.o
    0x0800c5a6   0x0800c5a6   0x000000b0   Data   RO          151    .rodata.LCD_Begin.R61505V_regValues  mcufriend_kbv.o
    0x0800c656   0x0800c656   0x000000c0   Data   RO          152    .rodata.LCD_Begin.R61509V_regValues  mcufriend_kbv.o
    0x0800c716   0x0800c716   0x00000003   Data   RO          131    .rodata.LCD_Begin.R61511_regValues  mcufriend_kbv.o
    0x0800c719   0x0800c719   0x00000006   Data   RO          132    .rodata.LCD_Begin.R61520_regValues  mcufriend_kbv.o
    0x0800c71f   0x0800c71f   0x0000000c   Data   RO          133    .rodata.LCD_Begin.R61526_regValues  mcufriend_kbv.o
    0x0800c72b   0x0800c72b   0x00000003   Data   RO          136    .rodata.LCD_Begin.RM68140_regValues_max  mcufriend_kbv.o
    0x0800c72e   0x0800c72e   0x0000009c   Data   RO          130    .rodata.LCD_Begin.S6D0154_regValues  mcufriend_kbv.o
    0x0800c7ca   0x0800c7ca   0x00000090   Data   RO          137    .rodata.LCD_Begin.ST7781_regValues  mcufriend_kbv.o
    0x0800c85a   0x0800c85a   0x00000041   Data   RO          138    .rodata.LCD_Begin.ST7789_regValues  mcufriend_kbv.o
    0x0800c89b   0x0800c89b   0x00000009   Data   RO          153    .rodata.LCD_Begin.reset_off  mcufriend_kbv.o
    0x0800c8a4   0x0800c8a4   0x00000006   Data   RO          154    .rodata.LCD_Begin.wake_on  mcufriend_kbv.o
    0x0800c8aa   0x0800c8aa   0x00000280   Data   RO          112    .rodata.font        mcufriend_kbv.o
    0x0800cb2a   0x0800cb2a   0x0000000a   Data   RO          175    .rodata.str1.1      avatar.o
    0x0800cb34   0x0800cb34   0x00000053   Data   RO          244    .rodata.str1.1      main.o
    0x0800cb87   0x0800cb87   0x00000001   PAD
    0x0800cb88   0x0800cb88   0x00000020   Data   RO         3353    Region$$Table       anon$$obj.o


    Execution Region RW_IRAM1 (Exec base: 0x20000000, Load base: 0x0800cba8, Size: 0x000019e0, Max: 0x00020000, ABSOLUTE)

    Exec Addr    Load Addr    Size         Type   Attr      Idx    E Section Name        Object

    0x20000000   0x0800cba8   0x00000004   Data   RW         3174    .data               mc_w.l(rand.o)
    0x20000004   0x0800cbac   0x00000004   Data   RW         3302    .data               mc_w.l(stdout.o)
    0x20000008   0x0800cbb0   0x00000004   Data   RW         3323    .data               mc_w.l(errno.o)
    0x2000000c   0x0800cbb4   0x00000002   Data   RW          102    .data.HEIGHT        mcufriend_kbv.o
    0x2000000e   0x0800cbb6   0x00000002   PAD
    0x20000010   0x0800cbb8   0x00000004   Data   RW         1392    .data.SystemCoreClock  system_stm32f4xx.o
    0x20000014   0x0800cbbc   0x00000002   Data   RW          101    .data.WIDTH         mcufriend_kbv.o
    0x20000016   0x0800cbbe   0x00000002   Data   RW          100    .data._height       mcufriend_kbv.o
    0x20000018   0x0800cbc0   0x00000002   Data   RW           99    .data._width        mcufriend_kbv.o
    0x2000001a   0x0800cbc2   0x00000002   PAD
    0x2000001c   0x0800cbc4   0x00000004   Data   RW          230    .data.current_tab   main.o
    0x20000020   0x0800cbc8   0x00000004   Data   RW          246    .data.distance_de_jeu  main.o
    0x20000024   0x0800cbcc   0x00000004   Data   RW          219    .data.hand          main.o
    0x20000028   0x0800cbd0   0x00000004   Data   RW          247    .data.handCounterPeriod  main.o
    0x2000002c   0x0800cbd4   0x00000004   Data   RW          212    .data.newPosy       main.o
    0x20000030   0x0800cbd8   0x00000004   Data   RW          245    .data.screen_x      main.o
    0x20000034   0x0800cbdc   0x00000004   Data   RW          242    .data.screen_y      main.o
    0x20000038   0x0800cbe0   0x00000004   Data   RW          211    .data.speed         main.o
    0x2000003c   0x0800cbe4   0x00000002   Data   RW          105    .data.textcolor     mcufriend_kbv.o
    0x2000003e   0x0800cbe6   0x00000001   Data   RW          107    .data.textsize_x    mcufriend_kbv.o
    0x2000003f   0x0800cbe7   0x00000001   Data   RW          108    .data.textsize_y    mcufriend_kbv.o
    0x20000040   0x0800cbe8   0x00000001   Data   RW          889    .data.uwTickFreq    stm32f4xx_hal.o
    0x20000041   0x0800cbe9   0x00000003   PAD
    0x20000044   0x0800cbec   0x00000004   Data   RW          888    .data.uwTickPrio    stm32f4xx_hal.o
    0x20000048        -       0x00000100   Zero   RW          113    .bss.LCD_Printf.buf  mcufriend_kbv.o
    0x20000148        -       0x00000002   Zero   RW          125    .bss._EC            mcufriend_kbv.o
    0x2000014a        -       0x00000002   Zero   RW          127    .bss._EP            mcufriend_kbv.o
    0x2000014c        -       0x00000002   Zero   RW          119    .bss._MC            mcufriend_kbv.o
    0x2000014e        -       0x00000002   Zero   RW          120    .bss._MP            mcufriend_kbv.o
    0x20000150        -       0x00000002   Zero   RW          116    .bss._MW            mcufriend_kbv.o
    0x20000152        -       0x00000002   Zero   RW          124    .bss._SC            mcufriend_kbv.o
    0x20000154        -       0x00000002   Zero   RW          126    .bss._SP            mcufriend_kbv.o
    0x20000156        -       0x00000002   Zero   RW          121    .bss._lcd_ID        mcufriend_kbv.o
    0x20000158        -       0x00000002   Zero   RW          118    .bss._lcd_capable   mcufriend_kbv.o
    0x2000015a        -       0x00000002   Zero   RW          128    .bss._lcd_madctl    mcufriend_kbv.o
    0x2000015c        -       0x00000002   Zero   RW          123    .bss._lcd_rev       mcufriend_kbv.o
    0x2000015e        -       0x00000002   Zero   RW          129    .bss._lcd_xor       mcufriend_kbv.o
    0x20000160        -       0x0000001c   Zero   RW          236    .bss.avatar         main.o
    0x2000017c        -       0x00000004   Zero   RW          243    .bss.background_color  main.o
    0x20000180        -       0x00000001   Zero   RW          239    .bss.bufferRx       main.o
    0x20000181        -       0x0000000a   Zero   RW          238    .bss.bufferTX       main.o
    0x2000018b        -       0x00000001   Zero   RW          234    .bss.commandeHand   main.o
    0x2000018c        -       0x00000004   Zero   RW          235    .bss.commandePos    main.o
    0x20000190        -       0x00000002   Zero   RW          103    .bss.cursor_x       mcufriend_kbv.o
    0x20000192        -       0x00000002   Zero   RW          104    .bss.cursor_y       mcufriend_kbv.o
    0x20000194        -       0x00000001   Zero   RW          217    .bss.deuxiemeCapture  main.o
    0x20000195   0x0800cbf0   0x00000003   PAD
    0x20000198        -       0x00000004   Zero   RW          216    .bss.difference     main.o
    0x2000019c        -       0x00000004   Zero   RW          215    .bss.distance       main.o
    0x200001a0        -       0x00000001   Zero   RW          114    .bss.done_reset     mcufriend_kbv.o
    0x200001a1   0x0800cbf0   0x00000003   PAD
    0x200001a4        -       0x00000004   Zero   RW          227    .bss.etat           main.o
    0x200001a8        -       0x00000004   Zero   RW          226    .bss.flag           main.o
    0x200001ac        -       0x00000004   Zero   RW          222    .bss.flagMulti      main.o
    0x200001b0        -       0x00000004   Zero   RW          210    .bss.full_timer     main.o
    0x200001b4        -       0x00000004   Zero   RW          207    .bss.gameover       main.o
    0x200001b8        -       0x00000004   Zero   RW          220    .bss.handCounter    main.o
    0x200001bc        -       0x00000014   Zero   RW          270    .bss.hdac           dac.o
    0x200001d0        -       0x00000060   Zero   RW          271    .bss.hdma_dac2      dac.o
    0x20000230        -       0x00000060   Zero   RW          316    .bss.hdma_uart5_tx  usart.o
    0x20000290        -       0x00000048   Zero   RW          297    .bss.htim2          tim.o
    0x200002d8        -       0x00000048   Zero   RW          298    .bss.htim3          tim.o
    0x20000320        -       0x00000044   Zero   RW          315    .bss.huart2         usart.o
    0x20000364        -       0x00000044   Zero   RW          314    .bss.huart5         usart.o
    0x200003a8        -       0x00000004   Zero   RW          233    .bss.id             main.o
    0x200003ac        -       0x00000004   Zero   RW          225    .bss.idRecu         main.o
    0x200003b0        -       0x00000001   Zero   RW          122    .bss.is555          mcufriend_kbv.o
    0x200003b1        -       0x00000001   Zero   RW          117    .bss.is8347         mcufriend_kbv.o
    0x200003b2   0x0800cbf0   0x00000002   PAD
    0x200003b4        -       0x00000004   Zero   RW          221    .bss.last_distance  main.o
    0x200003b8        -       0x00000001   Zero   RW          218    .bss.max_distance   main.o
    0x200003b9   0x0800cbf0   0x00000003   PAD
    0x200003bc        -       0x00000028   Zero   RW          237    .bss.obstacle       main.o
    0x200003e4        -       0x00000004   Zero   RW          232    .bss.pos            main.o
    0x200003e8        -       0x00000004   Zero   RW          224    .bss.posRecu        main.o
    0x200003ec        -       0x00000004   Zero   RW          228    .bss.recepOk        main.o
    0x200003f0        -       0x00000001   Zero   RW          109    .bss.rotation       mcufriend_kbv.o
    0x200003f1   0x0800cbf0   0x00000003   PAD
    0x200003f4        -       0x00000004   Zero   RW          223    .bss.score          main.o
    0x200003f8        -       0x00000004   Zero   RW          208    .bss.scroll         main.o
    0x200003fc        -       0x00000002   Zero   RW          106    .bss.textbgcolor    mcufriend_kbv.o
    0x200003fe   0x0800cbf0   0x00000002   PAD
    0x20000400        -       0x00000004   Zero   RW          209    .bss.timer          main.o
    0x20000404        -       0x00000004   Zero   RW          890    .bss.uwTick         stm32f4xx_hal.o
    0x20000408        -       0x00000004   Zero   RW          213    .bss.valeur_1       main.o
    0x2000040c        -       0x00000004   Zero   RW          214    .bss.valeur_2       main.o
    0x20000410        -       0x00000114   Zero   RW          229    .bss.valueHigh      main.o
    0x20000524        -       0x00000114   Zero   RW          241    .bss.valueLow       main.o
    0x20000638        -       0x00000fa0   Zero   RW          240    .bss.valueSin       main.o
    0x200015d8        -       0x00000001   Zero   RW          110    .bss.wrap           mcufriend_kbv.o
    0x200015d9   0x0800cbf0   0x00000007   PAD
    0x200015e0        -       0x00000400   Zero   RW            1    STACK               startup_stm32f446xx.o


==============================================================================

Image component sizes


      Code (inc. data)   RO Data    RW Data    ZI Data      Debug   Object Name

      3804          8         10          0          0       4368   avatar.o
       306          0          0          0        116       4646   dac.o
        80          0          0          0          0       3504   dma.o
       336          0          0          0          0       2319   gpio.o
      3176         60         83         32       4718      11500   main.o
     15662          4       2456         12        291      19538   mcufriend_kbv.o
        36          8        452          0       1024        876   startup_stm32f446xx.o
       276          0          0          5          4       7335   stm32f4xx_hal.o
       482          0          0          0          0       9561   stm32f4xx_hal_cortex.o
       780          0          0          0          0       6664   stm32f4xx_hal_dac.o
       104          0          0          0          0       4968   stm32f4xx_hal_dac_ex.o
      2068          8          8          0          0       8500   stm32f4xx_hal_dma.o
       968          0          0          0          0       5225   stm32f4xx_hal_gpio.o
        82          0          0          0          0       1604   stm32f4xx_hal_msp.o
       690          0          0          0          0       7726   stm32f4xx_hal_rcc.o
      2198         14          0          0          0      11046   stm32f4xx_hal_rcc_ex.o
      5590         42          0          0          0      35784   stm32f4xx_hal_tim.o
       306          0          0          0          0      15288   stm32f4xx_hal_tim_ex.o
      3640          0          0          0          0      20142   stm32f4xx_hal_uart.o
       102          0          0          0          0       1420   stm32f4xx_it.o
        18          0         24          4          0       2635   system_stm32f4xx.o
       734          0          0          0        144       8686   tim.o
       594          0          0          0        232       7326   usart.o

    ----------------------------------------------------------------------
     42204        144       3068         60       6552     200661   Object Totals
         0          0         32          0          0          0   (incl. Generated)
       172          0          3          7         23          0   (incl. Padding)

    ----------------------------------------------------------------------

      Code (inc. data)   RO Data    RW Data    ZI Data      Debug   Library Member Name

       368         46         48          0          0        200   cos_i.o
        84         16          0          0          0        372   dunder.o
        24          0          0          0          0        124   fabs.o
        48          0          0          0          0        124   fpclassify.o
       248          0          0          0          0        152   poly.o
      1080        142        204          0          0        188   rred.o
       200         20          0          0          0        164   sin.o
       304         24         40          0          0        208   sin_i.o
         0          0          0          0          0          0   entry.o
         0          0          0          0          0          0   entry10a.o
         0          0          0          0          0          0   entry11a.o
         8          4          0          0          0          0   entry2.o
         4          0          0          0          0          0   entry5.o
         0          0          0          0          0          0   entry7b.o
         0          0          0          0          0          0   entry8b.o
         8          4          0          0          0          0   entry9a.o
        12          6          0          4          0         68   errno.o
        30          0          0          0          0          0   handlers.o
        36          8          0          0          0         68   init.o
         0          0          0          0          0          0   iusefp.o
        30          0          0          0          0         68   llshl.o
        36          0          0          0          0         68   llsshr.o
        32          0          0          0          0         68   llushr.o
        36          0          0          0          0        108   memseta.o
      2344        102          0          0          0        684   printfa.o
        36         10          0          4          0        136   rand.o
         8          0          0          0          0         68   siabs.o
         0          0          0          4          0          0   stdout.o
        44          0          0          0          0         80   uidiv.o
        98          0          0          0          0         92   uldiv.o
        48          0          0          0          0         68   cdrcmple.o
        56          0          0          0          0         88   d2f.o
       334          0          0          0          0        148   dadd.o
       222          0          0          0          0        100   ddiv.o
       186          0          0          0          0        176   depilogue.o
        62          0          0          0          0         80   dfixi.o
        50          0          0          0          0         76   dfixui.o
        48          0          0          0          0         68   dfixul.o
        34          0          0          0          0         76   dflti.o
        26          0          0          0          0         76   dfltui.o
       228          0          0          0          0         96   dmul.o
        38          0          0          0          0         68   f2d.o
       110          0          0          0          0        168   fepilogue.o

    ----------------------------------------------------------------------
      6568        382        296         12          0       4328   Library Totals
         8          0          4          0          0          0   (incl. Padding)

    ----------------------------------------------------------------------

      Code (inc. data)   RO Data    RW Data    ZI Data      Debug   Library Name

      2356        248        292          0          0       1532   m_wm.l
      2762        134          0         12          0       1508   mc_w.l
      1442          0          0          0          0       1288   mf_w.l

    ----------------------------------------------------------------------
      6568        382        296         12          0       4328   Library Totals

    ----------------------------------------------------------------------

==============================================================================


      Code (inc. data)   RO Data    RW Data    ZI Data      Debug   

     48772        526       3364         72       6552     202417   Grand Totals
     48772        526       3364         72       6552     202417   ELF Image Totals
     48772        526       3364         72          0          0   ROM Totals

==============================================================================

    Total RO  Size (Code + RO Data)                52136 (  50.91kB)
    Total RW  Size (RW Data + ZI Data)              6624 (   6.47kB)
    Total ROM Size (Code + RO Data + RW Data)      52208 (  50.98kB)

==============================================================================

